<html>
<body>
<pre>
<h1>µVision Build Log</h1>
<h2>Tool Versions:</h2>
IDE-Version: ¦ÌVision V5.14.0.0
Copyright (C) 2015 ARM Ltd and ARM Germany GmbH. All rights reserved.
License Information: l b, s, LIC=SDA0P-MV6I2-MMZ9I-TPU1W-3LT2R-JCCXX
 
Tool Versions:
Toolchain:       MDK-ARM Standard  Version: 5.14.0.0
Toolchain Path:  D:\Keil_v5\ARM\ARMCC\Bin
C Compiler:      Armcc.exe V5.05 update 1 (build 106)
Assembler:       Armasm.exe V5.05 update 1 (build 106)
Linker/Locator:  ArmLink.exe V5.05 update 1 (build 106)
Library Manager: ArmAr.exe V5.05 update 1 (build 106)
Hex Converter:   FromElf.exe V5.05 update 1 (build 106)
CPU DLL:         SARMCM3.DLL V5.14.0.0
Dialog DLL:      DCM.DLL V1.13.1.0
Target DLL:      STLink\ST-LINKIII-KEIL_SWO.dll V2.0.14.0_KEIL
Dialog DLL:      TCM.DLL V1.14.4.0
 
<h2>Project:</h2>
D:\F\project\prj_stm32\cubemxtest2\test28_C8T6_24L01\MDK-ARM\test28_C8T6_24L01.uvprojx
Project File Date:  02/22/2022

<h2>Output:</h2>
Build target 'test28_C8T6_24L01'
compiling NRF24L01.c...
..\Src\NRF24L01.c(77): warning:  #177-D: variable "u8_ctr" was declared but never referenced
        unsigned char status,u8_ctr;
..\Src\NRF24L01.c(90): warning:  #177-D: variable "u8_ctr" was declared but never referenced
        unsigned char status,u8_ctr;
..\Src\NRF24L01.c: 2 warnings, 0 errors
linking...
Program Size: Code=12048 RO-data=324 RW-data=24 ZI-data=1304  
FromELF: creating hex file...
"test28_C8T6_24L01\test28_C8T6_24L01.axf" - 0 Error(s), 2 Warning(s).

<h2>Software Packages used:</h2>

Package Vendor: ARM
                http://www.keil.com/pack/ARM.CMSIS.4.2.0.pack
                ARM::CMSIS:CORE:3.40.0
                CMSIS (Cortex Microcontroller Software Interface Standard)
   * Component: CORE Version: 3.40.0

<h2>Collection of Component include folders:</h2>
  D:\F\project\prj_stm32\cubemxtest2\test28_C8T6_24L01\MDK-ARM\RTE
  D:\Keil_v5\ARM\PACK\ARM\CMSIS\4.2.0\CMSIS\Include
  D:\Keil_v5\ARM\PACK\Keil\STM32F1xx_DFP\2.1.0

<h2>Collection of Component Files used:</h2>

   * Component: ARM::CMSIS:CORE:3.40.0
      Source file:   CMSIS\UserCodeTemplates\ARM\ITM_Retarget.c
</pre>
</body>
</html>
