Component: ARM Compiler 5.06 update 7 (build 960) Tool: armlink [4d3601]

==============================================================================

Section Cross References

    startup_stm32f103xe.o(RESET) refers to startup_stm32f103xe.o(STACK) for __initial_sp
    startup_stm32f103xe.o(RESET) refers to startup_stm32f103xe.o(.text) for Reset_Handler
    startup_stm32f103xe.o(RESET) refers to stm32f1xx_it.o(i.NMI_Handler) for NMI_Handler
    startup_stm32f103xe.o(RESET) refers to stm32f1xx_it.o(i.HardFault_Handler) for HardFault_Handler
    startup_stm32f103xe.o(RESET) refers to stm32f1xx_it.o(i.MemManage_Handler) for MemManage_Handler
    startup_stm32f103xe.o(RESET) refers to stm32f1xx_it.o(i.BusFault_Handler) for BusFault_Handler
    startup_stm32f103xe.o(RESET) refers to stm32f1xx_it.o(i.UsageFault_Handler) for UsageFault_Handler
    startup_stm32f103xe.o(RESET) refers to stm32f1xx_it.o(i.SVC_Handler) for SVC_Handler
    startup_stm32f103xe.o(RESET) refers to stm32f1xx_it.o(i.DebugMon_Handler) for DebugMon_Handler
    startup_stm32f103xe.o(RESET) refers to stm32f1xx_it.o(i.PendSV_Handler) for PendSV_Handler
    startup_stm32f103xe.o(RESET) refers to stm32f1xx_it.o(i.SysTick_Handler) for SysTick_Handler
    startup_stm32f103xe.o(RESET) refers to stm32f1xx_it.o(i.ADC1_2_IRQHandler) for ADC1_2_IRQHandler
    startup_stm32f103xe.o(RESET) refers to stm32f1xx_it.o(i.TIM3_IRQHandler) for TIM3_IRQHandler
    startup_stm32f103xe.o(RESET) refers to stm32f1xx_it.o(i.USART1_IRQHandler) for USART1_IRQHandler
    startup_stm32f103xe.o(RESET) refers to stm32f1xx_it.o(i.USART2_IRQHandler) for USART2_IRQHandler
    startup_stm32f103xe.o(RESET) refers to stm32f1xx_it.o(i.USART3_IRQHandler) for USART3_IRQHandler
    startup_stm32f103xe.o(RESET) refers to stm32f1xx_it.o(i.TIM8_CC_IRQHandler) for TIM8_CC_IRQHandler
    startup_stm32f103xe.o(RESET) refers to stm32f1xx_it.o(i.UART4_IRQHandler) for UART4_IRQHandler
    startup_stm32f103xe.o(RESET) refers to stm32f1xx_it.o(i.TIM7_IRQHandler) for TIM7_IRQHandler
    startup_stm32f103xe.o(.text) refers to system_stm32f1xx.o(i.SystemInit) for SystemInit
    startup_stm32f103xe.o(.text) refers to entry.o(.ARM.Collect$$$$00000000) for __main
    main.o(i.HAL_UART_RxCpltCallback) refers to openmv.o(i.K210_Receive_Data_L) for K210_Receive_Data_L
    main.o(i.HAL_UART_RxCpltCallback) refers to openmv.o(i.K210_Receive_Data_R) for K210_Receive_Data_R
    main.o(i.HAL_UART_RxCpltCallback) refers to stm32f1xx_hal_uart.o(i.HAL_UART_Receive_IT) for HAL_UART_Receive_IT
    main.o(i.HAL_UART_RxCpltCallback) refers to main.o(.data) for .data
    main.o(i.HAL_UART_RxCpltCallback) refers to usart.o(.bss) for huart2
    main.o(i.SystemClock_Config) refers to memseta.o(.text) for __aeabi_memclr4
    main.o(i.SystemClock_Config) refers to stm32f1xx_hal_rcc.o(i.HAL_RCC_OscConfig) for HAL_RCC_OscConfig
    main.o(i.SystemClock_Config) refers to stm32f1xx_hal_rcc.o(i.HAL_RCC_ClockConfig) for HAL_RCC_ClockConfig
    main.o(i.SystemClock_Config) refers to stm32f1xx_hal_rcc_ex.o(i.HAL_RCCEx_PeriphCLKConfig) for HAL_RCCEx_PeriphCLKConfig
    main.o(i.main) refers to stm32f1xx_hal.o(i.HAL_Init) for HAL_Init
    main.o(i.main) refers to main.o(i.SystemClock_Config) for SystemClock_Config
    main.o(i.main) refers to gpio.o(i.MX_GPIO_Init) for MX_GPIO_Init
    main.o(i.main) refers to tim.o(i.MX_TIM7_Init) for MX_TIM7_Init
    main.o(i.main) refers to usart.o(i.MX_USART1_UART_Init) for MX_USART1_UART_Init
    main.o(i.main) refers to tim.o(i.MX_TIM3_Init) for MX_TIM3_Init
    main.o(i.main) refers to tim.o(i.MX_TIM4_Init) for MX_TIM4_Init
    main.o(i.main) refers to tim.o(i.MX_TIM8_Init) for MX_TIM8_Init
    main.o(i.main) refers to tim.o(i.MX_TIM5_Init) for MX_TIM5_Init
    main.o(i.main) refers to adc.o(i.MX_ADC1_Init) for MX_ADC1_Init
    main.o(i.main) refers to usart.o(i.MX_USART2_UART_Init) for MX_USART2_UART_Init
    main.o(i.main) refers to usart.o(i.MX_USART3_UART_Init) for MX_USART3_UART_Init
    main.o(i.main) refers to usart.o(i.MX_UART5_Init) for MX_UART5_Init
    main.o(i.main) refers to stm32f1xx_hal_tim.o(i.HAL_TIM_Encoder_Start) for HAL_TIM_Encoder_Start
    main.o(i.main) refers to stm32f1xx_hal_tim.o(i.HAL_TIM_Base_Start_IT) for HAL_TIM_Base_Start_IT
    main.o(i.main) refers to stm32f1xx_hal_uart.o(i.HAL_UART_Receive_IT) for HAL_UART_Receive_IT
    main.o(i.main) refers to stm32f1xx_hal_adc.o(i.HAL_ADC_Start_IT) for HAL_ADC_Start_IT
    main.o(i.main) refers to bsp_led.o(i.LED_Init) for LED_Init
    main.o(i.main) refers to bsp_pid.o(i.PID_param_init) for PID_param_init
    main.o(i.main) refers to control.o(i.set_motor_enable) for set_motor_enable
    main.o(i.main) refers to control.o(i.set_motor2_enable) for set_motor2_enable
    main.o(i.main) refers to greysensor.o(i.get_grey_status) for get_grey_status
    main.o(i.main) refers to control.o(i.set_motor_disable) for set_motor_disable
    main.o(i.main) refers to control.o(i.set_motor2_disable) for set_motor2_disable
[...]
    Removing bsp_debug.o(.data), (1 bytes).
    Removing bsp_delay.o(.rev16_text), (4 bytes).
    Removing bsp_delay.o(.revsh_text), (4 bytes).
    Removing bsp_delay.o(.rrx_text), (6 bytes).
    Removing bsp_delay.o(i.delay_init), (20 bytes).
    Removing bsp_delay.o(i.delay_ms), (26 bytes).
    Removing bsp_delay.o(i.delay_us), (52 bytes).
    Removing bsp_delay.o(.data), (4 bytes).
    Removing bsp_led.o(.rev16_text), (4 bytes).
    Removing bsp_led.o(.revsh_text), (4 bytes).
    Removing bsp_led.o(.rrx_text), (6 bytes).
    Removing bsp_led.o(i.led_toggle), (2 bytes).
    Removing openmv.o(.rev16_text), (4 bytes).
    Removing openmv.o(.revsh_text), (4 bytes).
    Removing openmv.o(.rrx_text), (6 bytes).
    Removing openmv.o(i.clean_K210), (48 bytes).
    Removing openmv.o(.data), (4 bytes).
    Removing greysensor.o(.rev16_text), (4 bytes).
    Removing greysensor.o(.revsh_text), (4 bytes).
    Removing greysensor.o(.rrx_text), (6 bytes).
    Removing dadd.o(.text), (334 bytes).
    Removing dfixul.o(.text), (48 bytes).
    Removing cdrcmple.o(.text), (48 bytes).

480 unused section(s) (total 32346 bytes) removed from the image.

==============================================================================

Image Symbol Table

    Local Symbols

    Symbol Name                              Value     Ov Type        Size  Object(Section)

    ../Core/Src/adc.c                        0x00000000   Number         0  adc.o ABSOLUTE
    ../Core/Src/gpio.c                       0x00000000   Number         0  gpio.o ABSOLUTE
    ../Core/Src/main.c                       0x00000000   Number         0  main.o ABSOLUTE
    ../Core/Src/stm32f1xx_hal_msp.c          0x00000000   Number         0  stm32f1xx_hal_msp.o ABSOLUTE
    ../Core/Src/stm32f1xx_it.c               0x00000000   Number         0  stm32f1xx_it.o ABSOLUTE
    ../Core/Src/system_stm32f1xx.c           0x00000000   Number         0  system_stm32f1xx.o ABSOLUTE
    ../Core/Src/tim.c                        0x00000000   Number         0  tim.o ABSOLUTE
    ../Core/Src/usart.c                      0x00000000   Number         0  usart.o ABSOLUTE
    ../Drivers/STM32F1xx_HAL_Driver/Src/stm32f1xx_hal.c 0x00000000   Number         0  stm32f1xx_hal.o ABSOLUTE
    ../Drivers/STM32F1xx_HAL_Driver/Src/stm32f1xx_hal_adc.c 0x00000000   Number         0  stm32f1xx_hal_adc.o ABSOLUTE
    ../Drivers/STM32F1xx_HAL_Driver/Src/stm32f1xx_hal_adc_ex.c 0x00000000   Number         0  stm32f1xx_hal_adc_ex.o ABSOLUTE
    ../Drivers/STM32F1xx_HAL_Driver/Src/stm32f1xx_hal_cortex.c 0x00000000   Number         0  stm32f1xx_hal_cortex.o ABSOLUTE
    ../Drivers/STM32F1xx_HAL_Driver/Src/stm32f1xx_hal_dma.c 0x00000000   Number         0  stm32f1xx_hal_dma.o ABSOLUTE
    ../Drivers/STM32F1xx_HAL_Driver/Src/stm32f1xx_hal_exti.c 0x00000000   Number         0  stm32f1xx_hal_exti.o ABSOLUTE
    ../Drivers/STM32F1xx_HAL_Driver/Src/stm32f1xx_hal_flash.c 0x00000000   Number         0  stm32f1xx_hal_flash.o ABSOLUTE
    ../Drivers/STM32F1xx_HAL_Driver/Src/stm32f1xx_hal_flash_ex.c 0x00000000   Number         0  stm32f1xx_hal_flash_ex.o ABSOLUTE
    ../Drivers/STM32F1xx_HAL_Driver/Src/stm32f1xx_hal_gpio.c 0x00000000   Number         0  stm32f1xx_hal_gpio.o ABSOLUTE
    ../Drivers/STM32F1xx_HAL_Driver/Src/stm32f1xx_hal_gpio_ex.c 0x00000000   Number         0  stm32f1xx_hal_gpio_ex.o ABSOLUTE
    ../Drivers/STM32F1xx_HAL_Driver/Src/stm32f1xx_hal_pwr.c 0x00000000   Number         0  stm32f1xx_hal_pwr.o ABSOLUTE
    ../Drivers/STM32F1xx_HAL_Driver/Src/stm32f1xx_hal_rcc.c 0x00000000   Number         0  stm32f1xx_hal_rcc.o ABSOLUTE
    ../Drivers/STM32F1xx_HAL_Driver/Src/stm32f1xx_hal_rcc_ex.c 0x00000000   Number         0  stm32f1xx_hal_rcc_ex.o ABSOLUTE
    ../Drivers/STM32F1xx_HAL_Driver/Src/stm32f1xx_hal_tim.c 0x00000000   Number         0  stm32f1xx_hal_tim.o ABSOLUTE
    ../Drivers/STM32F1xx_HAL_Driver/Src/stm32f1xx_hal_tim_ex.c 0x00000000   Number         0  stm32f1xx_hal_tim_ex.o ABSOLUTE
    ../Drivers/STM32F1xx_HAL_Driver/Src/stm32f1xx_hal_uart.c 0x00000000   Number         0  stm32f1xx_hal_uart.o ABSOLUTE
    ../clib/microlib/division.c              0x00000000   Number         0  uidiv.o ABSOLUTE
    ../clib/microlib/division.c              0x00000000   Number         0  uldiv.o ABSOLUTE
    ../clib/microlib/init/entry.s            0x00000000   Number         0  entry2.o ABSOLUTE
    ../clib/microlib/init/entry.s            0x00000000   Number         0  entry5.o ABSOLUTE
    ../clib/microlib/init/entry.s            0x00000000   Number         0  entry7a.o ABSOLUTE
    ../clib/microlib/init/entry.s            0x00000000   Number         0  entry10b.o ABSOLUTE
    ../clib/microlib/init/entry.s            0x00000000   Number         0  entry7b.o ABSOLUTE
    ../clib/microlib/init/entry.s            0x00000000   Number         0  entry8a.o ABSOLUTE
    ../clib/microlib/init/entry.s            0x00000000   Number         0  entry8b.o ABSOLUTE
    ../clib/microlib/init/entry.s            0x00000000   Number         0  entry10a.o ABSOLUTE
    ../clib/microlib/init/entry.s            0x00000000   Number         0  entry9a.o ABSOLUTE
    ../clib/microlib/init/entry.s            0x00000000   Number         0  entry12b.o ABSOLUTE
    ../clib/microlib/init/entry.s            0x00000000   Number         0  entry12a.o ABSOLUTE
    ../clib/microlib/init/entry.s            0x00000000   Number         0  entry11b.o ABSOLUTE
    ../clib/microlib/init/entry.s            0x00000000   Number         0  entry11a.o ABSOLUTE
    ../clib/microlib/init/entry.s            0x00000000   Number         0  entry.o ABSOLUTE
    ../clib/microlib/init/entry.s            0x00000000   Number         0  entry9b.o ABSOLUTE
    ../clib/microlib/longlong.c              0x00000000   Number         0  llushr.o ABSOLUTE
    ../clib/microlib/longlong.c              0x00000000   Number         0  llshl.o ABSOLUTE
    ../clib/microlib/longlong.c              0x00000000   Number         0  llsshr.o ABSOLUTE
    ../clib/microlib/printf/printf.c         0x00000000   Number         0  printf3.o ABSOLUTE
    ../clib/microlib/printf/printf.c         0x00000000   Number         0  printf6.o ABSOLUTE
    ../clib/microlib/printf/printf.c         0x00000000   Number         0  printf7.o ABSOLUTE
    ../clib/microlib/printf/printf.c         0x00000000   Number         0  printf1.o ABSOLUTE
    ../clib/microlib/printf/printf.c         0x00000000   Number         0  printfb.o ABSOLUTE
    ../clib/microlib/printf/printf.c         0x00000000   Number         0  printf2.o ABSOLUTE
    ../clib/microlib/printf/printf.c         0x00000000   Number         0  printf0.o ABSOLUTE
    ../clib/microlib/printf/printf.c         0x00000000   Number         0  printf4.o ABSOLUTE
    ../clib/microlib/printf/printf.c         0x00000000   Number         0  printf8.o ABSOLUTE
    ../clib/microlib/printf/printf.c         0x00000000   Number         0  printfa.o ABSOLUTE
    ../clib/microlib/printf/printf.c         0x00000000   Number         0  printf5.o ABSOLUTE
    ../clib/microlib/stdio/streams.c         0x00000000   Number         0  stdout.o ABSOLUTE
    ../clib/microlib/string/memcpy.c         0x00000000   Number         0  memcpya.o ABSOLUTE
    ../clib/microlib/string/memcpy.c         0x00000000   Number         0  memcpyb.o ABSOLUTE
    ../clib/microlib/string/memset.c         0x00000000   Number         0  memseta.o ABSOLUTE
    ../clib/microlib/stubs.s                 0x00000000   Number         0  iusefp.o ABSOLUTE
    ../fplib/microlib/d2f.c                  0x00000000   Number         0  d2f.o ABSOLUTE
    ../fplib/microlib/f2d.c                  0x00000000   Number         0  f2d.o ABSOLUTE
    ../fplib/microlib/fpadd.c                0x00000000   Number         0  dadd.o ABSOLUTE
    ../fplib/microlib/fpadd.c                0x00000000   Number         0  fadd.o ABSOLUTE
    ../fplib/microlib/fpdiv.c                0x00000000   Number         0  ddiv.o ABSOLUTE
    ../fplib/microlib/fpdiv.c                0x00000000   Number         0  fdiv.o ABSOLUTE
    ../fplib/microlib/fpepilogue.c           0x00000000   Number         0  depilogue.o ABSOLUTE
    ../fplib/microlib/fpepilogue.c           0x00000000   Number         0  fepilogue.o ABSOLUTE
    ../fplib/microlib/fpfix.c                0x00000000   Number         0  dfixul.o ABSOLUTE
    ../fplib/microlib/fpfix.c                0x00000000   Number         0  dfixi.o ABSOLUTE
    ../fplib/microlib/fpfix.c                0x00000000   Number         0  ffixi.o ABSOLUTE
    ../fplib/microlib/fpflt.c                0x00000000   Number         0  fflti.o ABSOLUTE
    ../fplib/microlib/fpflt.c                0x00000000   Number         0  dflti.o ABSOLUTE
    ../fplib/microlib/fpmul.c                0x00000000   Number         0  dmul.o ABSOLUTE
    ../fplib/microlib/fpmul.c                0x00000000   Number         0  fmul.o ABSOLUTE
    ../fplib/microlib/fpscalb.c              0x00000000   Number         0  fscalb.o ABSOLUTE
    ..\Core\Src\adc.c                        0x00000000   Number         0  adc.o ABSOLUTE
    ..\Core\Src\gpio.c                       0x00000000   Number         0  gpio.o ABSOLUTE
    ..\Core\Src\main.c                       0x00000000   Number         0  main.o ABSOLUTE
    ..\Core\Src\stm32f1xx_hal_msp.c          0x00000000   Number         0  stm32f1xx_hal_msp.o ABSOLUTE
    ..\Core\Src\stm32f1xx_it.c               0x00000000   Number         0  stm32f1xx_it.o ABSOLUTE
    ..\Core\Src\system_stm32f1xx.c           0x00000000   Number         0  system_stm32f1xx.o ABSOLUTE
    ..\Core\Src\tim.c                        0x00000000   Number         0  tim.o ABSOLUTE
    ..\Core\Src\usart.c                      0x00000000   Number         0  usart.o ABSOLUTE
    ..\Drivers\STM32F1xx_HAL_Driver\Src\stm32f1xx_hal.c 0x00000000   Number         0  stm32f1xx_hal.o ABSOLUTE
    ..\Drivers\STM32F1xx_HAL_Driver\Src\stm32f1xx_hal_adc.c 0x00000000   Number         0  stm32f1xx_hal_adc.o ABSOLUTE
    ..\Drivers\STM32F1xx_HAL_Driver\Src\stm32f1xx_hal_adc_ex.c 0x00000000   Number         0  stm32f1xx_hal_adc_ex.o ABSOLUTE
    ..\Drivers\STM32F1xx_HAL_Driver\Src\stm32f1xx_hal_cortex.c 0x00000000   Number         0  stm32f1xx_hal_cortex.o ABSOLUTE
    ..\Drivers\STM32F1xx_HAL_Driver\Src\stm32f1xx_hal_dma.c 0x00000000   Number         0  stm32f1xx_hal_dma.o ABSOLUTE
    ..\Drivers\STM32F1xx_HAL_Driver\Src\stm32f1xx_hal_exti.c 0x00000000   Number         0  stm32f1xx_hal_exti.o ABSOLUTE
    ..\Drivers\STM32F1xx_HAL_Driver\Src\stm32f1xx_hal_flash.c 0x00000000   Number         0  stm32f1xx_hal_flash.o ABSOLUTE
    ..\Drivers\STM32F1xx_HAL_Driver\Src\stm32f1xx_hal_flash_ex.c 0x00000000   Number         0  stm32f1xx_hal_flash_ex.o ABSOLUTE
    ..\Drivers\STM32F1xx_HAL_Driver\Src\stm32f1xx_hal_gpio.c 0x00000000   Number         0  stm32f1xx_hal_gpio.o ABSOLUTE
    ..\Drivers\STM32F1xx_HAL_Driver\Src\stm32f1xx_hal_gpio_ex.c 0x00000000   Number         0  stm32f1xx_hal_gpio_ex.o ABSOLUTE
    ..\Drivers\STM32F1xx_HAL_Driver\Src\stm32f1xx_hal_pwr.c 0x00000000   Number         0  stm32f1xx_hal_pwr.o ABSOLUTE
    ..\Drivers\STM32F1xx_HAL_Driver\Src\stm32f1xx_hal_rcc.c 0x00000000   Number         0  stm32f1xx_hal_rcc.o ABSOLUTE
    ..\Drivers\STM32F1xx_HAL_Driver\Src\stm32f1xx_hal_rcc_ex.c 0x00000000   Number         0  stm32f1xx_hal_rcc_ex.o ABSOLUTE
    ..\Drivers\STM32F1xx_HAL_Driver\Src\stm32f1xx_hal_tim.c 0x00000000   Number         0  stm32f1xx_hal_tim.o ABSOLUTE
    ..\Drivers\STM32F1xx_HAL_Driver\Src\stm32f1xx_hal_tim_ex.c 0x00000000   Number         0  stm32f1xx_hal_tim_ex.o ABSOLUTE
    ..\Drivers\STM32F1xx_HAL_Driver\Src\stm32f1xx_hal_uart.c 0x00000000   Number         0  stm32f1xx_hal_uart.o ABSOLUTE
    User\\bsp_debug.c                        0x00000000   Number         0  bsp_debug.o ABSOLUTE
    User\\bsp_delay.c                        0x00000000   Number         0  bsp_delay.o ABSOLUTE
    User\\bsp_led.c                          0x00000000   Number         0  bsp_led.o ABSOLUTE
    User\\bsp_pid.c                          0x00000000   Number         0  bsp_pid.o ABSOLUTE
    User\\control.c                          0x00000000   Number         0  control.o ABSOLUTE
    User\\encoder.c                          0x00000000   Number         0  encoder.o ABSOLUTE
    User\\greysensor.c                       0x00000000   Number         0  greysensor.o ABSOLUTE
    User\\openmv.c                           0x00000000   Number         0  openmv.o ABSOLUTE
    User\\protocol.c                         0x00000000   Number         0  protocol.o ABSOLUTE
    User\bsp_debug.c                         0x00000000   Number         0  bsp_debug.o ABSOLUTE
    User\bsp_delay.c                         0x00000000   Number         0  bsp_delay.o ABSOLUTE
    User\bsp_led.c                           0x00000000   Number         0  bsp_led.o ABSOLUTE
    User\bsp_pid.c                           0x00000000   Number         0  bsp_pid.o ABSOLUTE
    User\control.c                           0x00000000   Number         0  control.o ABSOLUTE
    User\encoder.c                           0x00000000   Number         0  encoder.o ABSOLUTE
    User\greysensor.c                        0x00000000   Number         0  greysensor.o ABSOLUTE
    User\openmv.c                            0x00000000   Number         0  openmv.o ABSOLUTE
    User\protocol.c                          0x00000000   Number         0  protocol.o ABSOLUTE
    cdrcmple.s                               0x00000000   Number         0  cdrcmple.o ABSOLUTE
    dc.s                                     0x00000000   Number         0  dc.o ABSOLUTE
    handlers.s                               0x00000000   Number         0  handlers.o ABSOLUTE
    init.s                                   0x00000000   Number         0  init.o ABSOLUTE
    startup_stm32f103xe.s                    0x00000000   Number         0  startup_stm32f103xe.o ABSOLUTE
    RESET                                    0x08000000   Section      304  startup_stm32f103xe.o(RESET)
    .ARM.Collect$$$$00000000                 0x08000130   Section        0  entry.o(.ARM.Collect$$$$00000000)
    .ARM.Collect$$$$00000001                 0x08000130   Section        4  entry2.o(.ARM.Collect$$$$00000001)
    .ARM.Collect$$$$00000004                 0x08000134   Section        4  entry5.o(.ARM.Collect$$$$00000004)
    .ARM.Collect$$$$00000008                 0x08000138   Section        0  entry7b.o(.ARM.Collect$$$$00000008)
    .ARM.Collect$$$$0000000A                 0x08000138   Section        0  entry8b.o(.ARM.Collect$$$$0000000A)
    .ARM.Collect$$$$0000000B                 0x08000138   Section        8  entry9a.o(.ARM.Collect$$$$0000000B)
    .ARM.Collect$$$$0000000E                 0x08000140   Section        4  entry12b.o(.ARM.Collect$$$$0000000E)
    .ARM.Collect$$$$0000000F                 0x08000144   Section        0  entry10a.o(.ARM.Collect$$$$0000000F)
    .ARM.Collect$$$$00000011                 0x08000144   Section        0  entry11a.o(.ARM.Collect$$$$00000011)
    .ARM.Collect$$$$00002712                 0x08000144   Section        4  entry2.o(.ARM.Collect$$$$00002712)
    __lit__00000000                          0x08000144   Data           4  entry2.o(.ARM.Collect$$$$00002712)
    .text                                    0x08000148   Section       36  startup_stm32f103xe.o(.text)
    .text                                    0x0800016c   Section        0  llushr.o(.text)
    .text                                    0x0800018c   Section        0  memseta.o(.text)
    .text                                    0x080001b0   Section        0  fadd.o(.text)
    .text                                    0x08000260   Section        0  fmul.o(.text)
    .text                                    0x080002c4   Section        0  fdiv.o(.text)
    .text                                    0x08000340   Section        0  fscalb.o(.text)
    .text                                    0x08000358   Section        0  dmul.o(.text)
    .text                                    0x0800043c   Section        0  ddiv.o(.text)
    .text                                    0x0800051a   Section        0  fflti.o(.text)
    .text                                    0x0800052c   Section        0  dflti.o(.text)
    .text                                    0x0800054e   Section        0  ffixi.o(.text)
    .text                                    0x08000580   Section        0  dfixi.o(.text)
    .text                                    0x080005be   Section        0  f2d.o(.text)
    .text                                    0x080005e4   Section        0  d2f.o(.text)
    .text                                    0x0800061c   Section        0  fepilogue.o(.text)
    .text                                    0x0800061c   Section        0  iusefp.o(.text)
    .text                                    0x0800068a   Section        0  depilogue.o(.text)
    .text                                    0x08000744   Section       36  init.o(.text)
    .text                                    0x08000768   Section        0  llshl.o(.text)
    i.ADC1_2_IRQHandler                      0x08000788   Section        0  stm32f1xx_it.o(i.ADC1_2_IRQHandler)
    i.ADC_ConversionStop_Disable             0x08000794   Section        0  stm32f1xx_hal_adc.o(i.ADC_ConversionStop_Disable)
    i.ADC_Enable                             0x080007ec   Section        0  stm32f1xx_hal_adc.o(i.ADC_Enable)
    i.BusFault_Handler                       0x08000868   Section        0  stm32f1xx_it.o(i.BusFault_Handler)
    i.Car_go_straight                        0x0800086c   Section        0  control.o(i.Car_go_straight)
    i.DebugMon_Handler                       0x080008a4   Section        0  stm32f1xx_it.o(i.DebugMon_Handler)
    i.Error_Handler                          0x080008a6   Section        0  main.o(i.Error_Handler)
    i.GetMotorLength                         0x080008ac   Section        0  encoder.o(i.GetMotorLength)
    i.GetMotorPulse                          0x08000930   Section        0  encoder.o(i.GetMotorPulse)
    i.HAL_ADCEx_InjectedConvCpltCallback     0x08000968   Section        0  stm32f1xx_hal_adc_ex.o(i.HAL_ADCEx_InjectedConvCpltCallback)
    i.HAL_ADC_ConfigChannel                  0x0800096c   Section        0  stm32f1xx_hal_adc.o(i.HAL_ADC_ConfigChannel)
    i.HAL_ADC_ConvCpltCallback               0x08000a68   Section        0  adc.o(i.HAL_ADC_ConvCpltCallback)
    i.HAL_ADC_GetValue                       0x08000a80   Section        0  stm32f1xx_hal_adc.o(i.HAL_ADC_GetValue)
    i.HAL_ADC_IRQHandler                     0x08000a86   Section        0  stm32f1xx_hal_adc.o(i.HAL_ADC_IRQHandler)
    i.HAL_ADC_Init                           0x08000b64   Section        0  stm32f1xx_hal_adc.o(i.HAL_ADC_Init)
    i.HAL_ADC_LevelOutOfWindowCallback       0x08000c84   Section        0  stm32f1xx_hal_adc.o(i.HAL_ADC_LevelOutOfWindowCallback)
    i.HAL_ADC_MspInit                        0x08000c88   Section        0  adc.o(i.HAL_ADC_MspInit)
    i.HAL_ADC_Start_IT                       0x08000cf0   Section        0  stm32f1xx_hal_adc.o(i.HAL_ADC_Start_IT)
    i.HAL_DMA_Abort                          0x08000dbc   Section        0  stm32f1xx_hal_dma.o(i.HAL_DMA_Abort)
    i.HAL_DMA_Abort_IT                       0x08000e04   Section        0  stm32f1xx_hal_dma.o(i.HAL_DMA_Abort_IT)
    i.HAL_GPIO_Init                          0x08000f34   Section        0  stm32f1xx_hal_gpio.o(i.HAL_GPIO_Init)
    i.HAL_GPIO_ReadPin                       0x0800112c   Section        0  stm32f1xx_hal_gpio.o(i.HAL_GPIO_ReadPin)
    i.HAL_GPIO_WritePin                      0x08001136   Section        0  stm32f1xx_hal_gpio.o(i.HAL_GPIO_WritePin)
    i.HAL_GetTick                            0x08001140   Section        0  stm32f1xx_hal.o(i.HAL_GetTick)
    i.HAL_IncTick                            0x0800114c   Section        0  stm32f1xx_hal.o(i.HAL_IncTick)
    i.HAL_Init                               0x0800115c   Section        0  stm32f1xx_hal.o(i.HAL_Init)
    i.HAL_InitTick                           0x08001180   Section        0  stm32f1xx_hal.o(i.HAL_InitTick)
    i.HAL_MspInit                            0x080011c0   Section        0  stm32f1xx_hal_msp.o(i.HAL_MspInit)
    i.HAL_NVIC_EnableIRQ                     0x08001204   Section        0  stm32f1xx_hal_cortex.o(i.HAL_NVIC_EnableIRQ)
    i.HAL_NVIC_SetPriority                   0x08001220   Section        0  stm32f1xx_hal_cortex.o(i.HAL_NVIC_SetPriority)
    i.HAL_NVIC_SetPriorityGrouping           0x08001260   Section        0  stm32f1xx_hal_cortex.o(i.HAL_NVIC_SetPriorityGrouping)
    i.HAL_RCCEx_PeriphCLKConfig              0x08001284   Section        0  stm32f1xx_hal_rcc_ex.o(i.HAL_RCCEx_PeriphCLKConfig)
    i.HAL_RCC_ClockConfig                    0x08001370   Section        0  stm32f1xx_hal_rcc.o(i.HAL_RCC_ClockConfig)
    i.HAL_RCC_GetPCLK1Freq                   0x0800149c   Section        0  stm32f1xx_hal_rcc.o(i.HAL_RCC_GetPCLK1Freq)
    i.HAL_RCC_GetPCLK2Freq                   0x080014bc   Section        0  stm32f1xx_hal_rcc.o(i.HAL_RCC_GetPCLK2Freq)
    i.HAL_RCC_GetSysClockFreq                0x080014dc   Section        0  stm32f1xx_hal_rcc.o(i.HAL_RCC_GetSysClockFreq)
    i.HAL_RCC_OscConfig                      0x08001528   Section        0  stm32f1xx_hal_rcc.o(i.HAL_RCC_OscConfig)
    i.HAL_SYSTICK_Config                     0x08001848   Section        0  stm32f1xx_hal_cortex.o(i.HAL_SYSTICK_Config)
    i.HAL_TIMEx_BreakCallback                0x08001870   Section        0  stm32f1xx_hal_tim_ex.o(i.HAL_TIMEx_BreakCallback)
    i.HAL_TIMEx_CommutCallback               0x08001872   Section        0  stm32f1xx_hal_tim_ex.o(i.HAL_TIMEx_CommutCallback)
    i.HAL_TIMEx_MasterConfigSynchronization  0x08001874   Section        0  stm32f1xx_hal_tim_ex.o(i.HAL_TIMEx_MasterConfigSynchronization)
    i.HAL_TIM_Base_Init                      0x080018f0   Section        0  stm32f1xx_hal_tim.o(i.HAL_TIM_Base_Init)
    i.HAL_TIM_Base_MspInit                   0x0800194c   Section        0  tim.o(i.HAL_TIM_Base_MspInit)
    i.HAL_TIM_Base_Start_IT                  0x08001988   Section        0  stm32f1xx_hal_tim.o(i.HAL_TIM_Base_Start_IT)
    i.HAL_TIM_Encoder_Init                   0x080019f4   Section        0  stm32f1xx_hal_tim.o(i.HAL_TIM_Encoder_Init)
    i.HAL_TIM_Encoder_MspInit                0x08001a98   Section        0  tim.o(i.HAL_TIM_Encoder_MspInit)
    i.HAL_TIM_Encoder_Start                  0x08001b48   Section        0  stm32f1xx_hal_tim.o(i.HAL_TIM_Encoder_Start)
    i.HAL_TIM_IC_CaptureCallback             0x08001bd6   Section        0  stm32f1xx_hal_tim.o(i.HAL_TIM_IC_CaptureCallback)
    i.HAL_TIM_IRQHandler                     0x08001bd8   Section        0  stm32f1xx_hal_tim.o(i.HAL_TIM_IRQHandler)
    i.HAL_TIM_MspPostInit                    0x08001d40   Section        0  tim.o(i.HAL_TIM_MspPostInit)
    i.HAL_TIM_OC_DelayElapsedCallback        0x08001dcc   Section        0  stm32f1xx_hal_tim.o(i.HAL_TIM_OC_DelayElapsedCallback)
    i.HAL_TIM_PWM_ConfigChannel              0x08001dce   Section        0  stm32f1xx_hal_tim.o(i.HAL_TIM_PWM_ConfigChannel)
    i.HAL_TIM_PWM_Init                       0x08001e9a   Section        0  stm32f1xx_hal_tim.o(i.HAL_TIM_PWM_Init)
    i.HAL_TIM_PWM_MspInit                    0x08001ef4   Section        0  tim.o(i.HAL_TIM_PWM_MspInit)
    i.HAL_TIM_PWM_PulseFinishedCallback      0x08001f7c   Section        0  stm32f1xx_hal_tim.o(i.HAL_TIM_PWM_PulseFinishedCallback)
    i.HAL_TIM_PWM_Start                      0x08001f80   Section        0  stm32f1xx_hal_tim.o(i.HAL_TIM_PWM_Start)
    i.HAL_TIM_PWM_Stop                       0x08002034   Section        0  stm32f1xx_hal_tim.o(i.HAL_TIM_PWM_Stop)
    i.HAL_TIM_PeriodElapsedCallback          0x080020b0   Section        0  control.o(i.HAL_TIM_PeriodElapsedCallback)
    i.HAL_TIM_TriggerCallback                0x08002128   Section        0  stm32f1xx_hal_tim.o(i.HAL_TIM_TriggerCallback)
    i.HAL_UARTEx_RxEventCallback             0x0800212a   Section        0  stm32f1xx_hal_uart.o(i.HAL_UARTEx_RxEventCallback)
    i.HAL_UART_ErrorCallback                 0x0800212c   Section        0  stm32f1xx_hal_uart.o(i.HAL_UART_ErrorCallback)
    i.HAL_UART_IRQHandler                    0x08002130   Section        0  stm32f1xx_hal_uart.o(i.HAL_UART_IRQHandler)
    i.HAL_UART_Init                          0x0800239c   Section        0  stm32f1xx_hal_uart.o(i.HAL_UART_Init)
    i.HAL_UART_MspInit                       0x08002400   Section        0  usart.o(i.HAL_UART_MspInit)
    i.HAL_UART_Receive_IT                    0x080025f0   Section        0  stm32f1xx_hal_uart.o(i.HAL_UART_Receive_IT)
    i.HAL_UART_RxCpltCallback                0x0800260c   Section        0  main.o(i.HAL_UART_RxCpltCallback)
    i.HAL_UART_Transmit                      0x08002668   Section        0  stm32f1xx_hal_uart.o(i.HAL_UART_Transmit)
    i.HAL_UART_TxCpltCallback                0x08002702   Section        0  stm32f1xx_hal_uart.o(i.HAL_UART_TxCpltCallback)
    i.HardFault_Handler                      0x08002704   Section        0  stm32f1xx_it.o(i.HardFault_Handler)
    i.K210_Receive_Data_L                    0x08002708   Section        0  openmv.o(i.K210_Receive_Data_L)
    i.K210_Receive_Data_R                    0x08002760   Section        0  openmv.o(i.K210_Receive_Data_R)
    i.LED_Init                               0x0800276c   Section        0  bsp_led.o(i.LED_Init)
    i.MX_ADC1_Init                           0x080027f0   Section        0  adc.o(i.MX_ADC1_Init)
    i.MX_GPIO_Init                           0x08002840   Section        0  gpio.o(i.MX_GPIO_Init)
    i.MX_TIM3_Init                           0x08002934   Section        0  tim.o(i.MX_TIM3_Init)
    i.MX_TIM4_Init                           0x080029a0   Section        0  tim.o(i.MX_TIM4_Init)
    i.MX_TIM5_Init                           0x08002a14   Section        0  tim.o(i.MX_TIM5_Init)
    i.MX_TIM7_Init                           0x08002a88   Section        0  tim.o(i.MX_TIM7_Init)
    i.MX_TIM8_Init                           0x08002acc   Section        0  tim.o(i.MX_TIM8_Init)
    i.MX_UART5_Init                          0x08002b38   Section        0  usart.o(i.MX_UART5_Init)
    i.MX_USART1_UART_Init                    0x08002b70   Section        0  usart.o(i.MX_USART1_UART_Init)
    i.MX_USART2_UART_Init                    0x08002ba8   Section        0  usart.o(i.MX_USART2_UART_Init)
    i.MX_USART3_UART_Init                    0x08002be0   Section        0  usart.o(i.MX_USART3_UART_Init)
    i.MemManage_Handler                      0x08002c18   Section        0  stm32f1xx_it.o(i.MemManage_Handler)
    i.MotorOutput                            0x08002c1c   Section        0  control.o(i.MotorOutput)
    i.NMI_Handler                            0x08002ca0   Section        0  stm32f1xx_it.o(i.NMI_Handler)
    i.PID_param_init                         0x08002ca4   Section        0  bsp_pid.o(i.PID_param_init)
    i.PendSV_Handler                         0x08002d28   Section        0  stm32f1xx_it.o(i.PendSV_Handler)
    i.SVC_Handler                            0x08002d2a   Section        0  stm32f1xx_it.o(i.SVC_Handler)
    i.SysTick_Handler                        0x08002d2c   Section        0  stm32f1xx_it.o(i.SysTick_Handler)
    i.SystemClock_Config                     0x08002d30   Section        0  main.o(i.SystemClock_Config)
    i.SystemInit                             0x08002daa   Section        0  system_stm32f1xx.o(i.SystemInit)
    i.TIM3_IRQHandler                        0x08002dac   Section        0  stm32f1xx_it.o(i.TIM3_IRQHandler)
    i.TIM7_IRQHandler                        0x08002db8   Section        0  stm32f1xx_it.o(i.TIM7_IRQHandler)
    i.TIM8_CC_IRQHandler                     0x08002dc4   Section        0  stm32f1xx_it.o(i.TIM8_CC_IRQHandler)
    i.TIM_Base_SetConfig                     0x08002dd0   Section        0  stm32f1xx_hal_tim.o(i.TIM_Base_SetConfig)
    i.TIM_CCxChannelCmd                      0x08002e5c   Section        0  stm32f1xx_hal_tim.o(i.TIM_CCxChannelCmd)
    i.TIM_OC1_SetConfig                      0x08002e78   Section        0  stm32f1xx_hal_tim.o(i.TIM_OC1_SetConfig)
    TIM_OC1_SetConfig                        0x08002e79   Thumb Code    88  stm32f1xx_hal_tim.o(i.TIM_OC1_SetConfig)
    i.TIM_OC2_SetConfig                      0x08002ed8   Section        0  stm32f1xx_hal_tim.o(i.TIM_OC2_SetConfig)
    i.TIM_OC3_SetConfig                      0x08002f44   Section        0  stm32f1xx_hal_tim.o(i.TIM_OC3_SetConfig)
    TIM_OC3_SetConfig                        0x08002f45   Thumb Code    96  stm32f1xx_hal_tim.o(i.TIM_OC3_SetConfig)
    i.TIM_OC4_SetConfig                      0x08002fac   Section        0  stm32f1xx_hal_tim.o(i.TIM_OC4_SetConfig)
    TIM_OC4_SetConfig                        0x08002fad   Thumb Code    70  stm32f1xx_hal_tim.o(i.TIM_OC4_SetConfig)
    i.UART4_IRQHandler                       0x08002ffc   Section        0  stm32f1xx_it.o(i.UART4_IRQHandler)
    i.UART_DMAAbortOnError                   0x08003008   Section        0  stm32f1xx_hal_uart.o(i.UART_DMAAbortOnError)
    UART_DMAAbortOnError                     0x08003009   Thumb Code    16  stm32f1xx_hal_uart.o(i.UART_DMAAbortOnError)
    i.UART_EndRxTransfer                     0x08003018   Section        0  stm32f1xx_hal_uart.o(i.UART_EndRxTransfer)
    UART_EndRxTransfer                       0x08003019   Thumb Code    78  stm32f1xx_hal_uart.o(i.UART_EndRxTransfer)
    i.UART_Receive_IT                        0x08003066   Section        0  stm32f1xx_hal_uart.o(i.UART_Receive_IT)
    UART_Receive_IT                          0x08003067   Thumb Code   194  stm32f1xx_hal_uart.o(i.UART_Receive_IT)
    i.UART_SetConfig                         0x08003128   Section        0  stm32f1xx_hal_uart.o(i.UART_SetConfig)
    UART_SetConfig                           0x08003129   Thumb Code   178  stm32f1xx_hal_uart.o(i.UART_SetConfig)
    i.UART_Start_Receive_IT                  0x080031e0   Section        0  stm32f1xx_hal_uart.o(i.UART_Start_Receive_IT)
    i.UART_WaitOnFlagUntilTimeout            0x08003216   Section        0  stm32f1xx_hal_uart.o(i.UART_WaitOnFlagUntilTimeout)
    UART_WaitOnFlagUntilTimeout              0x08003217   Thumb Code   120  stm32f1xx_hal_uart.o(i.UART_WaitOnFlagUntilTimeout)
    i.USART1_IRQHandler                      0x08003290   Section        0  stm32f1xx_it.o(i.USART1_IRQHandler)
    i.USART2_IRQHandler                      0x0800329c   Section        0  stm32f1xx_it.o(i.USART2_IRQHandler)
    i.USART3_IRQHandler                      0x080032a8   Section        0  stm32f1xx_it.o(i.USART3_IRQHandler)
    i.UsageFault_Handler                     0x080032b4   Section        0  stm32f1xx_it.o(i.UsageFault_Handler)
    i.__0printf$bare                         0x080032b8   Section        0  printfb.o(i.__0printf$bare)
    i.__NVIC_SetPriority                     0x080032c8   Section        0  stm32f1xx_hal_cortex.o(i.__NVIC_SetPriority)
    __NVIC_SetPriority                       0x080032c9   Thumb Code    32  stm32f1xx_hal_cortex.o(i.__NVIC_SetPriority)
    i.__scatterload_copy                     0x080032e8   Section       14  handlers.o(i.__scatterload_copy)
    i.__scatterload_null                     0x080032f6   Section        2  handlers.o(i.__scatterload_null)
    i.__scatterload_zeroinit                 0x080032f8   Section       14  handlers.o(i.__scatterload_zeroinit)
    i._printf_core                           0x08003306   Section        0  printfb.o(i._printf_core)
    _printf_core                             0x08003307   Thumb Code    34  printfb.o(i._printf_core)
    i.fputc                                  0x08003328   Section        0  bsp_debug.o(i.fputc)
    i.get_error                              0x08003340   Section        0  greysensor.o(i.get_error)
    i.get_grey_status                        0x0800347c   Section        0  greysensor.o(i.get_grey_status)
    i.main                                   0x080034c8   Section        0  main.o(i.main)
    i.set_motor2_disable                     0x08003708   Section        0  control.o(i.set_motor2_disable)
    i.set_motor2_enable                      0x08003720   Section        0  control.o(i.set_motor2_enable)
    i.set_motor2_speed                       0x08003738   Section        0  control.o(i.set_motor2_speed)
    i.set_motor_disable                      0x0800374c   Section        0  control.o(i.set_motor_disable)
    i.set_motor_enable                       0x08003764   Section        0  control.o(i.set_motor_enable)
    i.set_motor_speed                        0x0800377c   Section        0  control.o(i.set_motor_speed)
    i.set_pid_target                         0x08003790   Section        0  bsp_pid.o(i.set_pid_target)
    i.speed2_pid_control                     0x08003794   Section        0  control.o(i.speed2_pid_control)
    i.speed_pid_control                      0x080037e4   Section        0  control.o(i.speed_pid_control)
    i.speed_pid_realize                      0x08003834   Section        0  bsp_pid.o(i.speed_pid_realize)
    i.spin_Turn                              0x080038ac   Section        0  control.o(i.spin_Turn)
    .constdata                               0x08003948   Section       18  stm32f1xx_hal_rcc.o(.constdata)
    aPredivFactorTable                       0x08003948   Data           2  stm32f1xx_hal_rcc.o(.constdata)
    aPLLMULFactorTable                       0x0800394a   Data          16  stm32f1xx_hal_rcc.o(.constdata)
    .constdata                               0x0800395a   Section       16  system_stm32f1xx.o(.constdata)
    .constdata                               0x0800396a   Section        8  system_stm32f1xx.o(.constdata)
    .data                                    0x20000000   Section       12  main.o(.data)
    .data                                    0x2000000c   Section        4  adc.o(.data)
    .data                                    0x20000010   Section       12  stm32f1xx_hal.o(.data)
    .data                                    0x2000001c   Section        4  system_stm32f1xx.o(.data)
    .data                                    0x20000020   Section       44  control.o(.data)
    dutyfactor                               0x20000026   Data           2  control.o(.data)
    dutyfactor2                              0x20000028   Data           2  control.o(.data)
    .data                                    0x2000004c   Section       20  encoder.o(.data)
    .data                                    0x20000060   Section        9  openmv.o(.data)
    .data                                    0x20000069   Section        6  greysensor.o(.data)
    .data                                    0x20000070   Section        4  stdout.o(.data)
    .bss                                     0x20000074   Section       48  adc.o(.bss)
    .bss                                     0x200000a4   Section      360  tim.o(.bss)
    .bss                                     0x2000020c   Section      360  usart.o(.bss)
    .bss                                     0x20000374   Section      160  bsp_pid.o(.bss)
    .bss                                     0x20000414   Section       18  openmv.o(.bss)
    STACK                                    0x20000428   Section     1024  startup_stm32f103xe.o(STACK)

    Global Symbols

    Symbol Name                              Value     Ov Type        Size  Object(Section)

    BuildAttributes$$THM_ISAv4$P$D$K$B$S$PE$A:L22UL41UL21$X:L11$S22US41US21$IEEE1$IW$USESV6$~STKCKD$USESV7$~SHL$OTIME$ROPI$EBA8$MICROLIB$REQ8$PRES8$EABIv2 0x00000000   Number         0  anon$$obj.o ABSOLUTE
    __ARM_use_no_argv                        0x00000000   Number         0  main.o ABSOLUTE
    __arm_fini_                               - Undefined Weak Reference
    __cpp_initialize__aeabi_                  - Undefined Weak Reference
    __cxa_finalize                            - Undefined Weak Reference
    __decompress                              - Undefined Weak Reference
    _clock_init                               - Undefined Weak Reference
    _microlib_exit                            - Undefined Weak Reference
    __Vectors_Size                           0x00000130   Number         0  startup_stm32f103xe.o ABSOLUTE
    __Vectors                                0x08000000   Data           4  startup_stm32f103xe.o(RESET)
    __Vectors_End                            0x08000130   Data           0  startup_stm32f103xe.o(RESET)
    __main                                   0x08000131   Thumb Code     0  entry.o(.ARM.Collect$$$$00000000)
    _main_stk                                0x08000131   Thumb Code     0  entry2.o(.ARM.Collect$$$$00000001)
    _main_scatterload                        0x08000135   Thumb Code     0  entry5.o(.ARM.Collect$$$$00000004)
    __main_after_scatterload                 0x08000139   Thumb Code     0  entry5.o(.ARM.Collect$$$$00000004)
    _main_clock                              0x08000139   Thumb Code     0  entry7b.o(.ARM.Collect$$$$00000008)
    _main_cpp_init                           0x08000139   Thumb Code     0  entry8b.o(.ARM.Collect$$$$0000000A)
    _main_init                               0x08000139   Thumb Code     0  entry9a.o(.ARM.Collect$$$$0000000B)
    __rt_lib_shutdown_fini                   0x08000141   Thumb Code     0  entry12b.o(.ARM.Collect$$$$0000000E)
    __rt_final_cpp                           0x08000145   Thumb Code     0  entry10a.o(.ARM.Collect$$$$0000000F)
    __rt_final_exit                          0x08000145   Thumb Code     0  entry11a.o(.ARM.Collect$$$$00000011)
    Reset_Handler                            0x08000149   Thumb Code     8  startup_stm32f103xe.o(.text)
    ADC3_IRQHandler                          0x08000163   Thumb Code     0  startup_stm32f103xe.o(.text)
    CAN1_RX1_IRQHandler                      0x08000163   Thumb Code     0  startup_stm32f103xe.o(.text)
    CAN1_SCE_IRQHandler                      0x08000163   Thumb Code     0  startup_stm32f103xe.o(.text)
    DMA1_Channel1_IRQHandler                 0x08000163   Thumb Code     0  startup_stm32f103xe.o(.text)
    DMA1_Channel2_IRQHandler                 0x08000163   Thumb Code     0  startup_stm32f103xe.o(.text)
    DMA1_Channel3_IRQHandler                 0x08000163   Thumb Code     0  startup_stm32f103xe.o(.text)
    DMA1_Channel4_IRQHandler                 0x08000163   Thumb Code     0  startup_stm32f103xe.o(.text)
    DMA1_Channel5_IRQHandler                 0x08000163   Thumb Code     0  startup_stm32f103xe.o(.text)
    DMA1_Channel6_IRQHandler                 0x08000163   Thumb Code     0  startup_stm32f103xe.o(.text)
    DMA1_Channel7_IRQHandler                 0x08000163   Thumb Code     0  startup_stm32f103xe.o(.text)
    DMA2_Channel1_IRQHandler                 0x08000163   Thumb Code     0  startup_stm32f103xe.o(.text)
    DMA2_Channel2_IRQHandler                 0x08000163   Thumb Code     0  startup_stm32f103xe.o(.text)
    DMA2_Channel3_IRQHandler                 0x08000163   Thumb Code     0  startup_stm32f103xe.o(.text)
    DMA2_Channel4_5_IRQHandler               0x08000163   Thumb Code     0  startup_stm32f103xe.o(.text)
    EXTI0_IRQHandler                         0x08000163   Thumb Code     0  startup_stm32f103xe.o(.text)
    EXTI15_10_IRQHandler                     0x08000163   Thumb Code     0  startup_stm32f103xe.o(.text)
    EXTI1_IRQHandler                         0x08000163   Thumb Code     0  startup_stm32f103xe.o(.text)
    EXTI2_IRQHandler                         0x08000163   Thumb Code     0  startup_stm32f103xe.o(.text)
    EXTI3_IRQHandler                         0x08000163   Thumb Code     0  startup_stm32f103xe.o(.text)
    EXTI4_IRQHandler                         0x08000163   Thumb Code     0  startup_stm32f103xe.o(.text)
    EXTI9_5_IRQHandler                       0x08000163   Thumb Code     0  startup_stm32f103xe.o(.text)
    FLASH_IRQHandler                         0x08000163   Thumb Code     0  startup_stm32f103xe.o(.text)
    FSMC_IRQHandler                          0x08000163   Thumb Code     0  startup_stm32f103xe.o(.text)
    I2C1_ER_IRQHandler                       0x08000163   Thumb Code     0  startup_stm32f103xe.o(.text)
    I2C1_EV_IRQHandler                       0x08000163   Thumb Code     0  startup_stm32f103xe.o(.text)
    I2C2_ER_IRQHandler                       0x08000163   Thumb Code     0  startup_stm32f103xe.o(.text)
    I2C2_EV_IRQHandler                       0x08000163   Thumb Code     0  startup_stm32f103xe.o(.text)
    PVD_IRQHandler                           0x08000163   Thumb Code     0  startup_stm32f103xe.o(.text)
    RCC_IRQHandler                           0x08000163   Thumb Code     0  startup_stm32f103xe.o(.text)
    RTC_Alarm_IRQHandler                     0x08000163   Thumb Code     0  startup_stm32f103xe.o(.text)
    RTC_IRQHandler                           0x08000163   Thumb Code     0  startup_stm32f103xe.o(.text)
    SDIO_IRQHandler                          0x08000163   Thumb Code     0  startup_stm32f103xe.o(.text)
    SPI1_IRQHandler                          0x08000163   Thumb Code     0  startup_stm32f103xe.o(.text)
    SPI2_IRQHandler                          0x08000163   Thumb Code     0  startup_stm32f103xe.o(.text)
    SPI3_IRQHandler                          0x08000163   Thumb Code     0  startup_stm32f103xe.o(.text)
    TAMPER_IRQHandler                        0x08000163   Thumb Code     0  startup_stm32f103xe.o(.text)
    TIM1_BRK_IRQHandler                      0x08000163   Thumb Code     0  startup_stm32f103xe.o(.text)
    TIM1_CC_IRQHandler                       0x08000163   Thumb Code     0  startup_stm32f103xe.o(.text)
    TIM1_TRG_COM_IRQHandler                  0x08000163   Thumb Code     0  startup_stm32f103xe.o(.text)
    TIM1_UP_IRQHandler                       0x08000163   Thumb Code     0  startup_stm32f103xe.o(.text)
    TIM2_IRQHandler                          0x08000163   Thumb Code     0  startup_stm32f103xe.o(.text)
    TIM4_IRQHandler                          0x08000163   Thumb Code     0  startup_stm32f103xe.o(.text)
    TIM5_IRQHandler                          0x08000163   Thumb Code     0  startup_stm32f103xe.o(.text)
    TIM6_IRQHandler                          0x08000163   Thumb Code     0  startup_stm32f103xe.o(.text)
    TIM8_BRK_IRQHandler                      0x08000163   Thumb Code     0  startup_stm32f103xe.o(.text)
    TIM8_TRG_COM_IRQHandler                  0x08000163   Thumb Code     0  startup_stm32f103xe.o(.text)
    TIM8_UP_IRQHandler                       0x08000163   Thumb Code     0  startup_stm32f103xe.o(.text)
    UART5_IRQHandler                         0x08000163   Thumb Code     0  startup_stm32f103xe.o(.text)
    USBWakeUp_IRQHandler                     0x08000163   Thumb Code     0  startup_stm32f103xe.o(.text)
    USB_HP_CAN1_TX_IRQHandler                0x08000163   Thumb Code     0  startup_stm32f103xe.o(.text)
    USB_LP_CAN1_RX0_IRQHandler               0x08000163   Thumb Code     0  startup_stm32f103xe.o(.text)
    WWDG_IRQHandler                          0x08000163   Thumb Code     0  startup_stm32f103xe.o(.text)
    __aeabi_llsr                             0x0800016d   Thumb Code    32  llushr.o(.text)
    _ll_ushift_r                             0x0800016d   Thumb Code     0  llushr.o(.text)
    __aeabi_memset                           0x0800018d   Thumb Code    14  memseta.o(.text)
    __aeabi_memset4                          0x0800018d   Thumb Code     0  memseta.o(.text)
    __aeabi_memset8                          0x0800018d   Thumb Code     0  memseta.o(.text)
    __aeabi_memclr                           0x0800019b   Thumb Code     4  memseta.o(.text)
    __aeabi_memclr4                          0x0800019b   Thumb Code     0  memseta.o(.text)
    __aeabi_memclr8                          0x0800019b   Thumb Code     0  memseta.o(.text)
    _memset$wrapper                          0x0800019f   Thumb Code    18  memseta.o(.text)
    __aeabi_fadd                             0x080001b1   Thumb Code   164  fadd.o(.text)
    __aeabi_fsub                             0x08000255   Thumb Code     6  fadd.o(.text)
    __aeabi_frsub                            0x0800025b   Thumb Code     6  fadd.o(.text)
    __aeabi_fmul                             0x08000261   Thumb Code   100  fmul.o(.text)
    __aeabi_fdiv                             0x080002c5   Thumb Code   124  fdiv.o(.text)
    __ARM_scalbnf                            0x08000341   Thumb Code    24  fscalb.o(.text)
    scalbnf                                  0x08000341   Thumb Code     0  fscalb.o(.text)
    __aeabi_dmul                             0x08000359   Thumb Code   228  dmul.o(.text)
    __aeabi_ddiv                             0x0800043d   Thumb Code   222  ddiv.o(.text)
    __aeabi_i2f                              0x0800051b   Thumb Code    18  fflti.o(.text)
    __aeabi_i2d                              0x0800052d   Thumb Code    34  dflti.o(.text)
    __aeabi_f2iz                             0x0800054f   Thumb Code    50  ffixi.o(.text)
    __aeabi_d2iz                             0x08000581   Thumb Code    62  dfixi.o(.text)
    __aeabi_f2d                              0x080005bf   Thumb Code    38  f2d.o(.text)
    __aeabi_d2f                              0x080005e5   Thumb Code    56  d2f.o(.text)
    __I$use$fp                               0x0800061d   Thumb Code     0  iusefp.o(.text)
    _float_round                             0x0800061d   Thumb Code    18  fepilogue.o(.text)
    _float_epilogue                          0x0800062f   Thumb Code    92  fepilogue.o(.text)
    _double_round                            0x0800068b   Thumb Code    30  depilogue.o(.text)
    _double_epilogue                         0x080006a9   Thumb Code   156  depilogue.o(.text)
    __scatterload                            0x08000745   Thumb Code    28  init.o(.text)
    __scatterload_rt2                        0x08000745   Thumb Code     0  init.o(.text)
    __aeabi_llsl                             0x08000769   Thumb Code    30  llshl.o(.text)
    _ll_shift_l                              0x08000769   Thumb Code     0  llshl.o(.text)
    ADC1_2_IRQHandler                        0x08000789   Thumb Code     6  stm32f1xx_it.o(i.ADC1_2_IRQHandler)
    ADC_ConversionStop_Disable               0x08000795   Thumb Code    86  stm32f1xx_hal_adc.o(i.ADC_ConversionStop_Disable)
    ADC_Enable                               0x080007ed   Thumb Code   114  stm32f1xx_hal_adc.o(i.ADC_Enable)
    BusFault_Handler                         0x08000869   Thumb Code     2  stm32f1xx_it.o(i.BusFault_Handler)
    Car_go_straight                          0x0800086d   Thumb Code    40  control.o(i.Car_go_straight)
    DebugMon_Handler                         0x080008a5   Thumb Code     2  stm32f1xx_it.o(i.DebugMon_Handler)
    Error_Handler                            0x080008a7   Thumb Code     4  main.o(i.Error_Handler)
    GetMotorLength                           0x080008ad   Thumb Code   112  encoder.o(i.GetMotorLength)
    GetMotorPulse                            0x08000931   Thumb Code    44  encoder.o(i.GetMotorPulse)
    HAL_ADCEx_InjectedConvCpltCallback       0x08000969   Thumb Code     2  stm32f1xx_hal_adc_ex.o(i.HAL_ADCEx_InjectedConvCpltCallback)
    HAL_ADC_ConfigChannel                    0x0800096d   Thumb Code   240  stm32f1xx_hal_adc.o(i.HAL_ADC_ConfigChannel)
    HAL_ADC_ConvCpltCallback                 0x08000a69   Thumb Code    14  adc.o(i.HAL_ADC_ConvCpltCallback)
    HAL_ADC_GetValue                         0x08000a81   Thumb Code     6  stm32f1xx_hal_adc.o(i.HAL_ADC_GetValue)
    HAL_ADC_IRQHandler                       0x08000a87   Thumb Code   220  stm32f1xx_hal_adc.o(i.HAL_ADC_IRQHandler)
    HAL_ADC_Init                             0x08000b65   Thumb Code   272  stm32f1xx_hal_adc.o(i.HAL_ADC_Init)
    HAL_ADC_LevelOutOfWindowCallback         0x08000c85   Thumb Code     2  stm32f1xx_hal_adc.o(i.HAL_ADC_LevelOutOfWindowCallback)
    HAL_ADC_MspInit                          0x08000c89   Thumb Code    92  adc.o(i.HAL_ADC_MspInit)
    HAL_ADC_Start_IT                         0x08000cf1   Thumb Code   194  stm32f1xx_hal_adc.o(i.HAL_ADC_Start_IT)
    HAL_DMA_Abort                            0x08000dbd   Thumb Code    70  stm32f1xx_hal_dma.o(i.HAL_DMA_Abort)
    HAL_DMA_Abort_IT                         0x08000e05   Thumb Code   296  stm32f1xx_hal_dma.o(i.HAL_DMA_Abort_IT)
    HAL_GPIO_Init                            0x08000f35   Thumb Code   462  stm32f1xx_hal_gpio.o(i.HAL_GPIO_Init)
    HAL_GPIO_ReadPin                         0x0800112d   Thumb Code    10  stm32f1xx_hal_gpio.o(i.HAL_GPIO_ReadPin)
    HAL_GPIO_WritePin                        0x08001137   Thumb Code    10  stm32f1xx_hal_gpio.o(i.HAL_GPIO_WritePin)
    HAL_GetTick                              0x08001141   Thumb Code     6  stm32f1xx_hal.o(i.HAL_GetTick)
    HAL_IncTick                              0x0800114d   Thumb Code    12  stm32f1xx_hal.o(i.HAL_IncTick)
    HAL_Init                                 0x0800115d   Thumb Code    32  stm32f1xx_hal.o(i.HAL_Init)
    HAL_InitTick                             0x08001181   Thumb Code    54  stm32f1xx_hal.o(i.HAL_InitTick)
    HAL_MspInit                              0x080011c1   Thumb Code    58  stm32f1xx_hal_msp.o(i.HAL_MspInit)
    HAL_NVIC_EnableIRQ                       0x08001205   Thumb Code    26  stm32f1xx_hal_cortex.o(i.HAL_NVIC_EnableIRQ)
    HAL_NVIC_SetPriority                     0x08001221   Thumb Code    60  stm32f1xx_hal_cortex.o(i.HAL_NVIC_SetPriority)
    HAL_NVIC_SetPriorityGrouping             0x08001261   Thumb Code    26  stm32f1xx_hal_cortex.o(i.HAL_NVIC_SetPriorityGrouping)
    HAL_RCCEx_PeriphCLKConfig                0x08001285   Thumb Code   224  stm32f1xx_hal_rcc_ex.o(i.HAL_RCCEx_PeriphCLKConfig)
    HAL_RCC_ClockConfig                      0x08001371   Thumb Code   280  stm32f1xx_hal_rcc.o(i.HAL_RCC_ClockConfig)
    HAL_RCC_GetPCLK1Freq                     0x0800149d   Thumb Code    20  stm32f1xx_hal_rcc.o(i.HAL_RCC_GetPCLK1Freq)
    HAL_RCC_GetPCLK2Freq                     0x080014bd   Thumb Code    20  stm32f1xx_hal_rcc.o(i.HAL_RCC_GetPCLK2Freq)
    HAL_RCC_GetSysClockFreq                  0x080014dd   Thumb Code    58  stm32f1xx_hal_rcc.o(i.HAL_RCC_GetSysClockFreq)
    HAL_RCC_OscConfig                        0x08001529   Thumb Code   778  stm32f1xx_hal_rcc.o(i.HAL_RCC_OscConfig)
    HAL_SYSTICK_Config                       0x08001849   Thumb Code    40  stm32f1xx_hal_cortex.o(i.HAL_SYSTICK_Config)
    HAL_TIMEx_BreakCallback                  0x08001871   Thumb Code     2  stm32f1xx_hal_tim_ex.o(i.HAL_TIMEx_BreakCallback)
    HAL_TIMEx_CommutCallback                 0x08001873   Thumb Code     2  stm32f1xx_hal_tim_ex.o(i.HAL_TIMEx_CommutCallback)
    HAL_TIMEx_MasterConfigSynchronization    0x08001875   Thumb Code   104  stm32f1xx_hal_tim_ex.o(i.HAL_TIMEx_MasterConfigSynchronization)
    HAL_TIM_Base_Init                        0x080018f1   Thumb Code    90  stm32f1xx_hal_tim.o(i.HAL_TIM_Base_Init)
    HAL_TIM_Base_MspInit                     0x0800194d   Thumb Code    50  tim.o(i.HAL_TIM_Base_MspInit)
    HAL_TIM_Base_Start_IT                    0x08001989   Thumb Code    88  stm32f1xx_hal_tim.o(i.HAL_TIM_Base_Start_IT)
    HAL_TIM_Encoder_Init                     0x080019f5   Thumb Code   164  stm32f1xx_hal_tim.o(i.HAL_TIM_Encoder_Init)
    HAL_TIM_Encoder_MspInit                  0x08001a99   Thumb Code   156  tim.o(i.HAL_TIM_Encoder_MspInit)
    HAL_TIM_Encoder_Start                    0x08001b49   Thumb Code   142  stm32f1xx_hal_tim.o(i.HAL_TIM_Encoder_Start)
    HAL_TIM_IC_CaptureCallback               0x08001bd7   Thumb Code     2  stm32f1xx_hal_tim.o(i.HAL_TIM_IC_CaptureCallback)
    HAL_TIM_IRQHandler                       0x08001bd9   Thumb Code   358  stm32f1xx_hal_tim.o(i.HAL_TIM_IRQHandler)
    HAL_TIM_MspPostInit                      0x08001d41   Thumb Code   114  tim.o(i.HAL_TIM_MspPostInit)
    HAL_TIM_OC_DelayElapsedCallback          0x08001dcd   Thumb Code     2  stm32f1xx_hal_tim.o(i.HAL_TIM_OC_DelayElapsedCallback)
    HAL_TIM_PWM_ConfigChannel                0x08001dcf   Thumb Code   204  stm32f1xx_hal_tim.o(i.HAL_TIM_PWM_ConfigChannel)
    HAL_TIM_PWM_Init                         0x08001e9b   Thumb Code    90  stm32f1xx_hal_tim.o(i.HAL_TIM_PWM_Init)
    HAL_TIM_PWM_MspInit                      0x08001ef5   Thumb Code   116  tim.o(i.HAL_TIM_PWM_MspInit)
    HAL_TIM_PWM_PulseFinishedCallback        0x08001f7d   Thumb Code     2  stm32f1xx_hal_tim.o(i.HAL_TIM_PWM_PulseFinishedCallback)
    HAL_TIM_PWM_Start                        0x08001f81   Thumb Code   160  stm32f1xx_hal_tim.o(i.HAL_TIM_PWM_Start)
    HAL_TIM_PWM_Stop                         0x08002035   Thumb Code   114  stm32f1xx_hal_tim.o(i.HAL_TIM_PWM_Stop)
    HAL_TIM_PeriodElapsedCallback            0x080020b1   Thumb Code   102  control.o(i.HAL_TIM_PeriodElapsedCallback)
    HAL_TIM_TriggerCallback                  0x08002129   Thumb Code     2  stm32f1xx_hal_tim.o(i.HAL_TIM_TriggerCallback)
    HAL_UARTEx_RxEventCallback               0x0800212b   Thumb Code     2  stm32f1xx_hal_uart.o(i.HAL_UARTEx_RxEventCallback)
    HAL_UART_ErrorCallback                   0x0800212d   Thumb Code     2  stm32f1xx_hal_uart.o(i.HAL_UART_ErrorCallback)
    HAL_UART_IRQHandler                      0x08002131   Thumb Code   616  stm32f1xx_hal_uart.o(i.HAL_UART_IRQHandler)
    HAL_UART_Init                            0x0800239d   Thumb Code   100  stm32f1xx_hal_uart.o(i.HAL_UART_Init)
    HAL_UART_MspInit                         0x08002401   Thumb Code   456  usart.o(i.HAL_UART_MspInit)
    HAL_UART_Receive_IT                      0x080025f1   Thumb Code    28  stm32f1xx_hal_uart.o(i.HAL_UART_Receive_IT)
    HAL_UART_RxCpltCallback                  0x0800260d   Thumb Code    70  main.o(i.HAL_UART_RxCpltCallback)
    HAL_UART_Transmit                        0x08002669   Thumb Code   154  stm32f1xx_hal_uart.o(i.HAL_UART_Transmit)
    HAL_UART_TxCpltCallback                  0x08002703   Thumb Code     2  stm32f1xx_hal_uart.o(i.HAL_UART_TxCpltCallback)
    HardFault_Handler                        0x08002705   Thumb Code     2  stm32f1xx_it.o(i.HardFault_Handler)
    K210_Receive_Data_L                      0x08002709   Thumb Code    78  openmv.o(i.K210_Receive_Data_L)
    K210_Receive_Data_R                      0x08002761   Thumb Code     6  openmv.o(i.K210_Receive_Data_R)
    LED_Init                                 0x0800276d   Thumb Code   120  bsp_led.o(i.LED_Init)
    MX_ADC1_Init                             0x080027f1   Thumb Code    72  adc.o(i.MX_ADC1_Init)
    MX_GPIO_Init                             0x08002841   Thumb Code   222  gpio.o(i.MX_GPIO_Init)
    MX_TIM3_Init                             0x08002935   Thumb Code    98  tim.o(i.MX_TIM3_Init)
    MX_TIM4_Init                             0x080029a1   Thumb Code   108  tim.o(i.MX_TIM4_Init)
    MX_TIM5_Init                             0x08002a15   Thumb Code   108  tim.o(i.MX_TIM5_Init)
    MX_TIM7_Init                             0x08002a89   Thumb Code    60  tim.o(i.MX_TIM7_Init)
    MX_TIM8_Init                             0x08002acd   Thumb Code   100  tim.o(i.MX_TIM8_Init)
    MX_UART5_Init                            0x08002b39   Thumb Code    48  usart.o(i.MX_UART5_Init)
    MX_USART1_UART_Init                      0x08002b71   Thumb Code    48  usart.o(i.MX_USART1_UART_Init)
    MX_USART2_UART_Init                      0x08002ba9   Thumb Code    48  usart.o(i.MX_USART2_UART_Init)
    MX_USART3_UART_Init                      0x08002be1   Thumb Code    48  usart.o(i.MX_USART3_UART_Init)
    MemManage_Handler                        0x08002c19   Thumb Code     2  stm32f1xx_it.o(i.MemManage_Handler)
    MotorOutput                              0x08002c1d   Thumb Code   124  control.o(i.MotorOutput)
    NMI_Handler                              0x08002ca1   Thumb Code     2  stm32f1xx_it.o(i.NMI_Handler)
    PID_param_init                           0x08002ca5   Thumb Code   112  bsp_pid.o(i.PID_param_init)
    PendSV_Handler                           0x08002d29   Thumb Code     2  stm32f1xx_it.o(i.PendSV_Handler)
    SVC_Handler                              0x08002d2b   Thumb Code     2  stm32f1xx_it.o(i.SVC_Handler)
    SysTick_Handler                          0x08002d2d   Thumb Code     4  stm32f1xx_it.o(i.SysTick_Handler)
    SystemClock_Config                       0x08002d31   Thumb Code   122  main.o(i.SystemClock_Config)
    SystemInit                               0x08002dab   Thumb Code     2  system_stm32f1xx.o(i.SystemInit)
    TIM3_IRQHandler                          0x08002dad   Thumb Code     6  stm32f1xx_it.o(i.TIM3_IRQHandler)
    TIM7_IRQHandler                          0x08002db9   Thumb Code     6  stm32f1xx_it.o(i.TIM7_IRQHandler)
    TIM8_CC_IRQHandler                       0x08002dc5   Thumb Code     6  stm32f1xx_it.o(i.TIM8_CC_IRQHandler)
    TIM_Base_SetConfig                       0x08002dd1   Thumb Code   120  stm32f1xx_hal_tim.o(i.TIM_Base_SetConfig)
    TIM_CCxChannelCmd                        0x08002e5d   Thumb Code    26  stm32f1xx_hal_tim.o(i.TIM_CCxChannelCmd)
    TIM_OC2_SetConfig                        0x08002ed9   Thumb Code    98  stm32f1xx_hal_tim.o(i.TIM_OC2_SetConfig)
    UART4_IRQHandler                         0x08002ffd   Thumb Code     6  stm32f1xx_it.o(i.UART4_IRQHandler)
    UART_Start_Receive_IT                    0x080031e1   Thumb Code    54  stm32f1xx_hal_uart.o(i.UART_Start_Receive_IT)
    USART1_IRQHandler                        0x08003291   Thumb Code     6  stm32f1xx_it.o(i.USART1_IRQHandler)
    USART2_IRQHandler                        0x0800329d   Thumb Code     6  stm32f1xx_it.o(i.USART2_IRQHandler)
    USART3_IRQHandler                        0x080032a9   Thumb Code     6  stm32f1xx_it.o(i.USART3_IRQHandler)
    UsageFault_Handler                       0x080032b5   Thumb Code     2  stm32f1xx_it.o(i.UsageFault_Handler)
    __0printf$bare                           0x080032b9   Thumb Code     8  printfb.o(i.__0printf$bare)
    __1printf$bare                           0x080032b9   Thumb Code     0  printfb.o(i.__0printf$bare)
    __2printf                                0x080032b9   Thumb Code     0  printfb.o(i.__0printf$bare)
    __scatterload_copy                       0x080032e9   Thumb Code    14  handlers.o(i.__scatterload_copy)
    __scatterload_null                       0x080032f7   Thumb Code     2  handlers.o(i.__scatterload_null)
    __scatterload_zeroinit                   0x080032f9   Thumb Code    14  handlers.o(i.__scatterload_zeroinit)
    fputc                                    0x08003329   Thumb Code    20  bsp_debug.o(i.fputc)
    get_error                                0x08003341   Thumb Code   310  greysensor.o(i.get_error)
    get_grey_status                          0x0800347d   Thumb Code    64  greysensor.o(i.get_grey_status)
    main                                     0x080034c9   Thumb Code   488  main.o(i.main)
    set_motor2_disable                       0x08003709   Thumb Code    14  control.o(i.set_motor2_disable)
    set_motor2_enable                        0x08003721   Thumb Code    14  control.o(i.set_motor2_enable)
    set_motor2_speed                         0x08003739   Thumb Code    12  control.o(i.set_motor2_speed)
    set_motor_disable                        0x0800374d   Thumb Code    14  control.o(i.set_motor_disable)
    set_motor_enable                         0x08003765   Thumb Code    14  control.o(i.set_motor_enable)
    set_motor_speed                          0x0800377d   Thumb Code    12  control.o(i.set_motor_speed)
    set_pid_target                           0x08003791   Thumb Code     4  bsp_pid.o(i.set_pid_target)
    speed2_pid_control                       0x08003795   Thumb Code    60  control.o(i.speed2_pid_control)
    speed_pid_control                        0x080037e5   Thumb Code    60  control.o(i.speed_pid_control)
    speed_pid_realize                        0x08003835   Thumb Code   110  bsp_pid.o(i.speed_pid_realize)
    spin_Turn                                0x080038ad   Thumb Code    98  control.o(i.spin_Turn)
    AHBPrescTable                            0x0800395a   Data          16  system_stm32f1xx.o(.constdata)
    APBPrescTable                            0x0800396a   Data           8  system_stm32f1xx.o(.constdata)
    Region$$Table$$Base                      0x08003974   Number         0  anon$$obj.o(Region$$Table)
    Region$$Table$$Limit                     0x08003994   Number         0  anon$$obj.o(Region$$Table)
    car_case                                 0x20000000   Data           1  main.o(.data)
    trans_sig                                0x20000001   Data           1  main.o(.data)
    count_loop                               0x20000002   Data           1  main.o(.data)
    cont                                     0x20000003   Data           1  main.o(.data)
    uart2_rxbuff                             0x20000004   Data           1  main.o(.data)
    uart3_rxbuff                             0x20000005   Data           1  main.o(.data)
    loop                                     0x20000006   Data           6  main.o(.data)
    adc_value                                0x2000000c   Data           4  adc.o(.data)
    uwTickFreq                               0x20000010   Data           1  stm32f1xx_hal.o(.data)
    uwTickPrio                               0x20000014   Data           4  stm32f1xx_hal.o(.data)
    uwTick                                   0x20000018   Data           4  stm32f1xx_hal.o(.data)
    SystemCoreClock                          0x2000001c   Data           4  system_stm32f1xx.o(.data)
    location_control_count                   0x20000020   Data           1  control.o(.data)
    is_motor_en                              0x20000021   Data           1  control.o(.data)
    is_motor2_en                             0x20000022   Data           1  control.o(.data)
    go_line                                  0x20000023   Data           1  control.o(.data)
    spin_sig                                 0x20000024   Data           1  control.o(.data)
    MotorPWM                                 0x2000002c   Data           4  control.o(.data)
    Motor2PWM                                0x20000030   Data           4  control.o(.data)
    target_speed_l                           0x20000034   Data           4  control.o(.data)
    target_speed_r                           0x20000038   Data           4  control.o(.data)
    speed_Outval                             0x2000003c   Data           4  control.o(.data)
    location_Outval                          0x20000040   Data           4  control.o(.data)
    speed2_Outval                            0x20000044   Data           4  control.o(.data)
    location2_Outval                         0x20000048   Data           4  control.o(.data)
    g_nMotorPulse                            0x2000004c   Data           2  encoder.o(.data)
    g_nMotor2Pulse                           0x2000004e   Data           2  encoder.o(.data)
    g_lMotorPulseSigma                       0x20000050   Data           4  encoder.o(.data)
    g_lMotor2PulseSigma                      0x20000054   Data           4  encoder.o(.data)
    g_length                                 0x20000058   Data           4  encoder.o(.data)
    g_length2                                0x2000005c   Data           4  encoder.o(.data)
    one_use_L                                0x20000060   Data           1  openmv.o(.data)
    Counter_L                                0x20000061   Data           1  openmv.o(.data)
    i                                        0x20000062   Data           1  openmv.o(.data)
    target_1_L                               0x20000063   Data           1  openmv.o(.data)
    target_2_L                               0x20000064   Data           1  openmv.o(.data)
    one_use_R                                0x20000065   Data           1  openmv.o(.data)
    target_1_R                               0x20000066   Data           1  openmv.o(.data)
    target_2_R                               0x20000067   Data           1  openmv.o(.data)
    Counter_R                                0x20000068   Data           1  openmv.o(.data)
    L2                                       0x20000069   Data           1  greysensor.o(.data)
    L1                                       0x2000006a   Data           1  greysensor.o(.data)
    Center                                   0x2000006b   Data           1  greysensor.o(.data)
    R1                                       0x2000006c   Data           1  greysensor.o(.data)
    R2                                       0x2000006d   Data           1  greysensor.o(.data)
    error                                    0x2000006e   Data           1  greysensor.o(.data)
    __stdout                                 0x20000070   Data           4  stdout.o(.data)
    hadc1                                    0x20000074   Data          48  adc.o(.bss)
    htim3                                    0x200000a4   Data          72  tim.o(.bss)
    htim4                                    0x200000ec   Data          72  tim.o(.bss)
    htim5                                    0x20000134   Data          72  tim.o(.bss)
    htim7                                    0x2000017c   Data          72  tim.o(.bss)
    htim8                                    0x200001c4   Data          72  tim.o(.bss)
    huart4                                   0x2000020c   Data          72  usart.o(.bss)
    huart5                                   0x20000254   Data          72  usart.o(.bss)
    huart1                                   0x2000029c   Data          72  usart.o(.bss)
    huart2                                   0x200002e4   Data          72  usart.o(.bss)
    huart3                                   0x2000032c   Data          72  usart.o(.bss)
    pid_speed                                0x20000374   Data          32  bsp_pid.o(.bss)
    pid_speed2                               0x20000394   Data          32  bsp_pid.o(.bss)
    pid_location                             0x200003b4   Data          32  bsp_pid.o(.bss)
    pid_location2                            0x200003d4   Data          32  bsp_pid.o(.bss)
    line_following                           0x200003f4   Data          32  bsp_pid.o(.bss)
    count_num_L                              0x20000414   Data           9  openmv.o(.bss)
    count_num_R                              0x2000041d   Data           9  openmv.o(.bss)
    __initial_sp                             0x20000828   Data           0  startup_stm32f103xe.o(STACK)



==============================================================================

Memory Map of the image

  Image Entry point : 0x08000131

  Load Region LR_IROM1 (Base: 0x08000000, Size: 0x00003a08, Max: 0x00080000, ABSOLUTE)

    Execution Region ER_IROM1 (Exec base: 0x08000000, Load base: 0x08000000, Size: 0x00003994, Max: 0x00080000, ABSOLUTE)

    Exec Addr    Load Addr    Size         Type   Attr      Idx    E Section Name        Object

    0x08000000   0x08000000   0x00000130   Data   RO            3    RESET               startup_stm32f103xe.o
    0x08000130   0x08000130   0x00000000   Code   RO         3798  * .ARM.Collect$$$$00000000  mc_w.l(entry.o)
    0x08000130   0x08000130   0x00000004   Code   RO         4093    .ARM.Collect$$$$00000001  mc_w.l(entry2.o)
    0x08000134   0x08000134   0x00000004   Code   RO         4096    .ARM.Collect$$$$00000004  mc_w.l(entry5.o)
    0x08000138   0x08000138   0x00000000   Code   RO         4098    .ARM.Collect$$$$00000008  mc_w.l(entry7b.o)
    0x08000138   0x08000138   0x00000000   Code   RO         4100    .ARM.Collect$$$$0000000A  mc_w.l(entry8b.o)
    0x08000138   0x08000138   0x00000008   Code   RO         4101    .ARM.Collect$$$$0000000B  mc_w.l(entry9a.o)
    0x08000140   0x08000140   0x00000004   Code   RO         4108    .ARM.Collect$$$$0000000E  mc_w.l(entry12b.o)
    0x08000144   0x08000144   0x00000000   Code   RO         4103    .ARM.Collect$$$$0000000F  mc_w.l(entry10a.o)
    0x08000144   0x08000144   0x00000000   Code   RO         4105    .ARM.Collect$$$$00000011  mc_w.l(entry11a.o)
    0x08000144   0x08000144   0x00000004   Code   RO         4094    .ARM.Collect$$$$00002712  mc_w.l(entry2.o)
    0x08000148   0x08000148   0x00000024   Code   RO            4    .text               startup_stm32f103xe.o
    0x0800016c   0x0800016c   0x00000020   Code   RO         3801    .text               mc_w.l(llushr.o)
    0x0800018c   0x0800018c   0x00000024   Code   RO         3805    .text               mc_w.l(memseta.o)
    0x080001b0   0x080001b0   0x000000b0   Code   RO         4069    .text               mf_w.l(fadd.o)
    0x08000260   0x08000260   0x00000064   Code   RO         4071    .text               mf_w.l(fmul.o)
    0x080002c4   0x080002c4   0x0000007c   Code   RO         4073    .text               mf_w.l(fdiv.o)
    0x08000340   0x08000340   0x00000018   Code   RO         4075    .text               mf_w.l(fscalb.o)
    0x08000358   0x08000358   0x000000e4   Code   RO         4077    .text               mf_w.l(dmul.o)
    0x0800043c   0x0800043c   0x000000de   Code   RO         4079    .text               mf_w.l(ddiv.o)
    0x0800051a   0x0800051a   0x00000012   Code   RO         4081    .text               mf_w.l(fflti.o)
    0x0800052c   0x0800052c   0x00000022   Code   RO         4083    .text               mf_w.l(dflti.o)
    0x0800054e   0x0800054e   0x00000032   Code   RO         4085    .text               mf_w.l(ffixi.o)
    0x08000580   0x08000580   0x0000003e   Code   RO         4087    .text               mf_w.l(dfixi.o)
    0x080005be   0x080005be   0x00000026   Code   RO         4089    .text               mf_w.l(f2d.o)
    0x080005e4   0x080005e4   0x00000038   Code   RO         4091    .text               mf_w.l(d2f.o)
    0x0800061c   0x0800061c   0x00000000   Code   RO         4114    .text               mc_w.l(iusefp.o)
    0x0800061c   0x0800061c   0x0000006e   Code   RO         4115    .text               mf_w.l(fepilogue.o)
    0x0800068a   0x0800068a   0x000000ba   Code   RO         4117    .text               mf_w.l(depilogue.o)
    0x08000744   0x08000744   0x00000024   Code   RO         4125    .text               mc_w.l(init.o)
    0x08000768   0x08000768   0x0000001e   Code   RO         4127    .text               mc_w.l(llshl.o)
    0x08000786   0x08000786   0x00000002   PAD
    0x08000788   0x08000788   0x0000000c   Code   RO          447    i.ADC1_2_IRQHandler  stm32f1xx_it.o
    0x08000794   0x08000794   0x00000056   Code   RO          635    i.ADC_ConversionStop_Disable  stm32f1xx_hal_adc.o
    0x080007ea   0x080007ea   0x00000002   PAD
    0x080007ec   0x080007ec   0x0000007c   Code   RO          639    i.ADC_Enable        stm32f1xx_hal_adc.o
    0x08000868   0x08000868   0x00000002   Code   RO          448    i.BusFault_Handler  stm32f1xx_it.o
    0x0800086a   0x0800086a   0x00000002   PAD
    0x0800086c   0x0800086c   0x00000038   Code   RO         3344    i.Car_go_straight   control.o
    0x080008a4   0x080008a4   0x00000002   Code   RO          449    i.DebugMon_Handler  stm32f1xx_it.o
    0x080008a6   0x080008a6   0x00000004   Code   RO           13    i.Error_Handler     main.o
    0x080008aa   0x080008aa   0x00000002   PAD
    0x080008ac   0x080008ac   0x00000084   Code   RO         3489    i.GetMotorLength    encoder.o
    0x08000930   0x08000930   0x00000038   Code   RO         3490    i.GetMotorPulse     encoder.o
    0x08000968   0x08000968   0x00000002   Code   RO          817    i.HAL_ADCEx_InjectedConvCpltCallback  stm32f1xx_hal_adc_ex.o
    0x0800096a   0x0800096a   0x00000002   PAD
    0x0800096c   0x0800096c   0x000000fc   Code   RO          641    i.HAL_ADC_ConfigChannel  stm32f1xx_hal_adc.o
    0x08000a68   0x08000a68   0x00000018   Code   RO          236    i.HAL_ADC_ConvCpltCallback  adc.o
    0x08000a80   0x08000a80   0x00000006   Code   RO          648    i.HAL_ADC_GetValue  stm32f1xx_hal_adc.o
    0x08000a86   0x08000a86   0x000000dc   Code   RO          649    i.HAL_ADC_IRQHandler  stm32f1xx_hal_adc.o
    0x08000b62   0x08000b62   0x00000002   PAD
    0x08000b64   0x08000b64   0x00000120   Code   RO          650    i.HAL_ADC_Init      stm32f1xx_hal_adc.o
    0x08000c84   0x08000c84   0x00000002   Code   RO          651    i.HAL_ADC_LevelOutOfWindowCallback  stm32f1xx_hal_adc.o
    0x08000c86   0x08000c86   0x00000002   PAD
    0x08000c88   0x08000c88   0x00000068   Code   RO          238    i.HAL_ADC_MspInit   adc.o
    0x08000cf0   0x08000cf0   0x000000cc   Code   RO          658    i.HAL_ADC_Start_IT  stm32f1xx_hal_adc.o
    0x08000dbc   0x08000dbc   0x00000046   Code   RO         1292    i.HAL_DMA_Abort     stm32f1xx_hal_dma.o
    0x08000e02   0x08000e02   0x00000002   PAD
    0x08000e04   0x08000e04   0x00000130   Code   RO         1293    i.HAL_DMA_Abort_IT  stm32f1xx_hal_dma.o
    0x08000f34   0x08000f34   0x000001f8   Code   RO         1228    i.HAL_GPIO_Init     stm32f1xx_hal_gpio.o
    0x0800112c   0x0800112c   0x0000000a   Code   RO         1230    i.HAL_GPIO_ReadPin  stm32f1xx_hal_gpio.o
    0x08001136   0x08001136   0x0000000a   Code   RO         1232    i.HAL_GPIO_WritePin  stm32f1xx_hal_gpio.o
    0x08001140   0x08001140   0x0000000c   Code   RO          922    i.HAL_GetTick       stm32f1xx_hal.o
    0x0800114c   0x0800114c   0x00000010   Code   RO          928    i.HAL_IncTick       stm32f1xx_hal.o
    0x0800115c   0x0800115c   0x00000024   Code   RO          929    i.HAL_Init          stm32f1xx_hal.o
    0x08001180   0x08001180   0x00000040   Code   RO          930    i.HAL_InitTick      stm32f1xx_hal.o
    0x080011c0   0x080011c0   0x00000044   Code   RO          575    i.HAL_MspInit       stm32f1xx_hal_msp.o
    0x08001204   0x08001204   0x0000001a   Code   RO         1388    i.HAL_NVIC_EnableIRQ  stm32f1xx_hal_cortex.o
    0x0800121e   0x0800121e   0x00000002   PAD
    0x08001220   0x08001220   0x00000040   Code   RO         1394    i.HAL_NVIC_SetPriority  stm32f1xx_hal_cortex.o
    0x08001260   0x08001260   0x00000024   Code   RO         1395    i.HAL_NVIC_SetPriorityGrouping  stm32f1xx_hal_cortex.o
    0x08001284   0x08001284   0x000000ec   Code   RO         1190    i.HAL_RCCEx_PeriphCLKConfig  stm32f1xx_hal_rcc_ex.o
    0x08001370   0x08001370   0x0000012c   Code   RO         1086    i.HAL_RCC_ClockConfig  stm32f1xx_hal_rcc.o
    0x0800149c   0x0800149c   0x00000020   Code   RO         1093    i.HAL_RCC_GetPCLK1Freq  stm32f1xx_hal_rcc.o
    0x080014bc   0x080014bc   0x00000020   Code   RO         1094    i.HAL_RCC_GetPCLK2Freq  stm32f1xx_hal_rcc.o
    0x080014dc   0x080014dc   0x0000004c   Code   RO         1095    i.HAL_RCC_GetSysClockFreq  stm32f1xx_hal_rcc.o
    0x08001528   0x08001528   0x00000320   Code   RO         1098    i.HAL_RCC_OscConfig  stm32f1xx_hal_rcc.o
    0x08001848   0x08001848   0x00000028   Code   RO         1399    i.HAL_SYSTICK_Config  stm32f1xx_hal_cortex.o
    0x08001870   0x08001870   0x00000002   Code   RO         2594    i.HAL_TIMEx_BreakCallback  stm32f1xx_hal_tim_ex.o
    0x08001872   0x08001872   0x00000002   Code   RO         2595    i.HAL_TIMEx_CommutCallback  stm32f1xx_hal_tim_ex.o
    0x08001874   0x08001874   0x0000007c   Code   RO         2613    i.HAL_TIMEx_MasterConfigSynchronization  stm32f1xx_hal_tim_ex.o
    0x080018f0   0x080018f0   0x0000005a   Code   RO         1890    i.HAL_TIM_Base_Init  stm32f1xx_hal_tim.o
    0x0800194a   0x0800194a   0x00000002   PAD
    0x0800194c   0x0800194c   0x0000003c   Code   RO          286    i.HAL_TIM_Base_MspInit  tim.o
    0x08001988   0x08001988   0x0000006c   Code   RO         1895    i.HAL_TIM_Base_Start_IT  stm32f1xx_hal_tim.o
    0x080019f4   0x080019f4   0x000000a4   Code   RO         1911    i.HAL_TIM_Encoder_Init  stm32f1xx_hal_tim.o
    0x08001a98   0x08001a98   0x000000b0   Code   RO          288    i.HAL_TIM_Encoder_MspInit  tim.o
    0x08001b48   0x08001b48   0x0000008e   Code   RO         1914    i.HAL_TIM_Encoder_Start  stm32f1xx_hal_tim.o
    0x08001bd6   0x08001bd6   0x00000002   Code   RO         1924    i.HAL_TIM_IC_CaptureCallback  stm32f1xx_hal_tim.o
    0x08001bd8   0x08001bd8   0x00000166   Code   RO         1938    i.HAL_TIM_IRQHandler  stm32f1xx_hal_tim.o
    0x08001d3e   0x08001d3e   0x00000002   PAD
    0x08001d40   0x08001d40   0x0000008c   Code   RO          289    i.HAL_TIM_MspPostInit  tim.o
    0x08001dcc   0x08001dcc   0x00000002   Code   RO         1941    i.HAL_TIM_OC_DelayElapsedCallback  stm32f1xx_hal_tim.o
    0x08001dce   0x08001dce   0x000000cc   Code   RO         1962    i.HAL_TIM_PWM_ConfigChannel  stm32f1xx_hal_tim.o
    0x08001e9a   0x08001e9a   0x0000005a   Code   RO         1965    i.HAL_TIM_PWM_Init  stm32f1xx_hal_tim.o
    0x08001ef4   0x08001ef4   0x00000088   Code   RO          291    i.HAL_TIM_PWM_MspInit  tim.o
    0x08001f7c   0x08001f7c   0x00000002   Code   RO         1968    i.HAL_TIM_PWM_PulseFinishedCallback  stm32f1xx_hal_tim.o
    0x08001f7e   0x08001f7e   0x00000002   PAD
    0x08001f80   0x08001f80   0x000000b4   Code   RO         1970    i.HAL_TIM_PWM_Start  stm32f1xx_hal_tim.o
    0x08002034   0x08002034   0x0000007c   Code   RO         1973    i.HAL_TIM_PWM_Stop  stm32f1xx_hal_tim.o
    0x080020b0   0x080020b0   0x00000078   Code   RO         3345    i.HAL_TIM_PeriodElapsedCallback  control.o
    0x08002128   0x08002128   0x00000002   Code   RO         1981    i.HAL_TIM_TriggerCallback  stm32f1xx_hal_tim.o
    0x0800212a   0x0800212a   0x00000002   Code   RO         2873    i.HAL_UARTEx_RxEventCallback  stm32f1xx_hal_uart.o
    0x0800212c   0x0800212c   0x00000002   Code   RO         2887    i.HAL_UART_ErrorCallback  stm32f1xx_hal_uart.o
    0x0800212e   0x0800212e   0x00000002   PAD
    0x08002130   0x08002130   0x0000026c   Code   RO         2890    i.HAL_UART_IRQHandler  stm32f1xx_hal_uart.o
    0x0800239c   0x0800239c   0x00000064   Code   RO         2891    i.HAL_UART_Init     stm32f1xx_hal_uart.o
    0x08002400   0x08002400   0x000001f0   Code   RO          382    i.HAL_UART_MspInit  usart.o
    0x080025f0   0x080025f0   0x0000001c   Code   RO         2896    i.HAL_UART_Receive_IT  stm32f1xx_hal_uart.o
    0x0800260c   0x0800260c   0x0000005c   Code   RO           14    i.HAL_UART_RxCpltCallback  main.o
    0x08002668   0x08002668   0x0000009a   Code   RO         2899    i.HAL_UART_Transmit  stm32f1xx_hal_uart.o
    0x08002702   0x08002702   0x00000002   Code   RO         2902    i.HAL_UART_TxCpltCallback  stm32f1xx_hal_uart.o
    0x08002704   0x08002704   0x00000002   Code   RO          450    i.HardFault_Handler  stm32f1xx_it.o
    0x08002706   0x08002706   0x00000002   PAD
    0x08002708   0x08002708   0x00000058   Code   RO         3721    i.K210_Receive_Data_L  openmv.o
    0x08002760   0x08002760   0x0000000c   Code   RO         3722    i.K210_Receive_Data_R  openmv.o
    0x0800276c   0x0800276c   0x00000084   Code   RO         3691    i.LED_Init          bsp_led.o
    0x080027f0   0x080027f0   0x00000050   Code   RO          239    i.MX_ADC1_Init      adc.o
    0x08002840   0x08002840   0x000000f4   Code   RO          212    i.MX_GPIO_Init      gpio.o
    0x08002934   0x08002934   0x0000006c   Code   RO          292    i.MX_TIM3_Init      tim.o
    0x080029a0   0x080029a0   0x00000074   Code   RO          293    i.MX_TIM4_Init      tim.o
    0x08002a14   0x08002a14   0x00000074   Code   RO          294    i.MX_TIM5_Init      tim.o
    0x08002a88   0x08002a88   0x00000044   Code   RO          295    i.MX_TIM7_Init      tim.o
    0x08002acc   0x08002acc   0x0000006c   Code   RO          296    i.MX_TIM8_Init      tim.o
    0x08002b38   0x08002b38   0x00000038   Code   RO          384    i.MX_UART5_Init     usart.o
    0x08002b70   0x08002b70   0x00000038   Code   RO          385    i.MX_USART1_UART_Init  usart.o
    0x08002ba8   0x08002ba8   0x00000038   Code   RO          386    i.MX_USART2_UART_Init  usart.o
    0x08002be0   0x08002be0   0x00000038   Code   RO          387    i.MX_USART3_UART_Init  usart.o
    0x08002c18   0x08002c18   0x00000002   Code   RO          451    i.MemManage_Handler  stm32f1xx_it.o
    0x08002c1a   0x08002c1a   0x00000002   PAD
    0x08002c1c   0x08002c1c   0x00000084   Code   RO         3347    i.MotorOutput       control.o
    0x08002ca0   0x08002ca0   0x00000002   Code   RO          452    i.NMI_Handler       stm32f1xx_it.o
    0x08002ca2   0x08002ca2   0x00000002   PAD
    0x08002ca4   0x08002ca4   0x00000084   Code   RO         3262    i.PID_param_init    bsp_pid.o
    0x08002d28   0x08002d28   0x00000002   Code   RO          453    i.PendSV_Handler    stm32f1xx_it.o
    0x08002d2a   0x08002d2a   0x00000002   Code   RO          454    i.SVC_Handler       stm32f1xx_it.o
    0x08002d2c   0x08002d2c   0x00000004   Code   RO          455    i.SysTick_Handler   stm32f1xx_it.o
    0x08002d30   0x08002d30   0x0000007a   Code   RO           15    i.SystemClock_Config  main.o
    0x08002daa   0x08002daa   0x00000002   Code   RO         3225    i.SystemInit        system_stm32f1xx.o
    0x08002dac   0x08002dac   0x0000000c   Code   RO          456    i.TIM3_IRQHandler   stm32f1xx_it.o
    0x08002db8   0x08002db8   0x0000000c   Code   RO          457    i.TIM7_IRQHandler   stm32f1xx_it.o
    0x08002dc4   0x08002dc4   0x0000000c   Code   RO          458    i.TIM8_CC_IRQHandler  stm32f1xx_it.o
    0x08002dd0   0x08002dd0   0x0000008c   Code   RO         1983    i.TIM_Base_SetConfig  stm32f1xx_hal_tim.o
    0x08002e5c   0x08002e5c   0x0000001a   Code   RO         1984    i.TIM_CCxChannelCmd  stm32f1xx_hal_tim.o
    0x08002e76   0x08002e76   0x00000002   PAD
    0x08002e78   0x08002e78   0x00000060   Code   RO         1996    i.TIM_OC1_SetConfig  stm32f1xx_hal_tim.o
    0x08002ed8   0x08002ed8   0x0000006c   Code   RO         1997    i.TIM_OC2_SetConfig  stm32f1xx_hal_tim.o
    0x08002f44   0x08002f44   0x00000068   Code   RO         1998    i.TIM_OC3_SetConfig  stm32f1xx_hal_tim.o
    0x08002fac   0x08002fac   0x00000050   Code   RO         1999    i.TIM_OC4_SetConfig  stm32f1xx_hal_tim.o
    0x08002ffc   0x08002ffc   0x0000000c   Code   RO          459    i.UART4_IRQHandler  stm32f1xx_it.o
    0x08003008   0x08003008   0x00000010   Code   RO         2904    i.UART_DMAAbortOnError  stm32f1xx_hal_uart.o
    0x08003018   0x08003018   0x0000004e   Code   RO         2914    i.UART_EndRxTransfer  stm32f1xx_hal_uart.o
    0x08003066   0x08003066   0x000000c2   Code   RO         2916    i.UART_Receive_IT   stm32f1xx_hal_uart.o
    0x08003128   0x08003128   0x000000b8   Code   RO         2917    i.UART_SetConfig    stm32f1xx_hal_uart.o
    0x080031e0   0x080031e0   0x00000036   Code   RO         2919    i.UART_Start_Receive_IT  stm32f1xx_hal_uart.o
    0x08003216   0x08003216   0x00000078   Code   RO         2920    i.UART_WaitOnFlagUntilTimeout  stm32f1xx_hal_uart.o
    0x0800328e   0x0800328e   0x00000002   PAD
    0x08003290   0x08003290   0x0000000c   Code   RO          460    i.USART1_IRQHandler  stm32f1xx_it.o
    0x0800329c   0x0800329c   0x0000000c   Code   RO          461    i.USART2_IRQHandler  stm32f1xx_it.o
    0x080032a8   0x080032a8   0x0000000c   Code   RO          462    i.USART3_IRQHandler  stm32f1xx_it.o
    0x080032b4   0x080032b4   0x00000002   Code   RO          463    i.UsageFault_Handler  stm32f1xx_it.o
    0x080032b6   0x080032b6   0x00000002   PAD
    0x080032b8   0x080032b8   0x00000010   Code   RO         3810    i.__0printf$bare    mc_w.l(printfb.o)
    0x080032c8   0x080032c8   0x00000020   Code   RO         1401    i.__NVIC_SetPriority  stm32f1xx_hal_cortex.o
    0x080032e8   0x080032e8   0x0000000e   Code   RO         4133    i.__scatterload_copy  mc_w.l(handlers.o)
    0x080032f6   0x080032f6   0x00000002   Code   RO         4134    i.__scatterload_null  mc_w.l(handlers.o)
    0x080032f8   0x080032f8   0x0000000e   Code   RO         4135    i.__scatterload_zeroinit  mc_w.l(handlers.o)
    0x08003306   0x08003306   0x00000022   Code   RO         3817    i._printf_core      mc_w.l(printfb.o)
    0x08003328   0x08003328   0x00000018   Code   RO         3600    i.fputc             bsp_debug.o
    0x08003340   0x08003340   0x0000013c   Code   RO         3765    i.get_error         greysensor.o
    0x0800347c   0x0800347c   0x0000004c   Code   RO         3766    i.get_grey_status   greysensor.o
    0x080034c8   0x080034c8   0x00000240   Code   RO           16    i.main              main.o
    0x08003708   0x08003708   0x00000018   Code   RO         3350    i.set_motor2_disable  control.o
    0x08003720   0x08003720   0x00000018   Code   RO         3351    i.set_motor2_enable  control.o
    0x08003738   0x08003738   0x00000014   Code   RO         3352    i.set_motor2_speed  control.o
    0x0800374c   0x0800374c   0x00000018   Code   RO         3353    i.set_motor_disable  control.o
    0x08003764   0x08003764   0x00000018   Code   RO         3354    i.set_motor_enable  control.o
    0x0800377c   0x0800377c   0x00000014   Code   RO         3355    i.set_motor_speed   control.o
    0x08003790   0x08003790   0x00000004   Code   RO         3267    i.set_pid_target    bsp_pid.o
    0x08003794   0x08003794   0x00000050   Code   RO         3356    i.speed2_pid_control  control.o
    0x080037e4   0x080037e4   0x00000050   Code   RO         3357    i.speed_pid_control  control.o
    0x08003834   0x08003834   0x00000078   Code   RO         3268    i.speed_pid_realize  bsp_pid.o
    0x080038ac   0x080038ac   0x0000009c   Code   RO         3358    i.spin_Turn         control.o
    0x08003948   0x08003948   0x00000012   Data   RO         1099    .constdata          stm32f1xx_hal_rcc.o
    0x0800395a   0x0800395a   0x00000010   Data   RO         3226    .constdata          system_stm32f1xx.o
    0x0800396a   0x0800396a   0x00000008   Data   RO         3227    .constdata          system_stm32f1xx.o
    0x08003972   0x08003972   0x00000002   PAD
    0x08003974   0x08003974   0x00000020   Data   RO         4131    Region$$Table       anon$$obj.o


    Execution Region RW_IRAM1 (Exec base: 0x20000000, Load base: 0x08003994, Size: 0x00000828, Max: 0x00010000, ABSOLUTE)

    Exec Addr    Load Addr    Size         Type   Attr      Idx    E Section Name        Object

    0x20000000   0x08003994   0x0000000c   Data   RW           17    .data               main.o
    0x2000000c   0x080039a0   0x00000004   Data   RW          241    .data               adc.o
    0x20000010   0x080039a4   0x0000000c   Data   RW          936    .data               stm32f1xx_hal.o
    0x2000001c   0x080039b0   0x00000004   Data   RW         3228    .data               system_stm32f1xx.o
    0x20000020   0x080039b4   0x0000002c   Data   RW         3359    .data               control.o
    0x2000004c   0x080039e0   0x00000014   Data   RW         3491    .data               encoder.o
    0x20000060   0x080039f4   0x00000009   Data   RW         3725    .data               openmv.o
    0x20000069   0x080039fd   0x00000006   Data   RW         3767    .data               greysensor.o
    0x2000006f   0x08003a03   0x00000001   PAD
    0x20000070   0x08003a04   0x00000004   Data   RW         4109    .data               mc_w.l(stdout.o)
    0x20000074        -       0x00000030   Zero   RW          240    .bss                adc.o
    0x200000a4        -       0x00000168   Zero   RW          297    .bss                tim.o
    0x2000020c        -       0x00000168   Zero   RW          388    .bss                usart.o
    0x20000374        -       0x000000a0   Zero   RW         3269    .bss                bsp_pid.o
    0x20000414        -       0x00000012   Zero   RW         3724    .bss                openmv.o
    0x20000426   0x08003a08   0x00000002   PAD
    0x20000428        -       0x00000400   Zero   RW            1    STACK               startup_stm32f103xe.o


==============================================================================

Image component sizes


      Code (inc. data)   RO Data    RW Data    ZI Data      Debug   Object Name

       208         30          0          4         48       2262   adc.o
        24          4          0          0          0        484   bsp_debug.o
       132         12          0          0          0        927   bsp_led.o
       256         30          0          0        160       3015   bsp_pid.o
       760        196          0         44          0      11177   control.o
       188         32          0         20          0       1434   encoder.o
       244         22          0          0          0       1091   gpio.o
       392         18          0          6          0       1673   greysensor.o
       794        116          0         12          0     516458   main.o
       100         16          0          9         18       2079   openmv.o
        36          8        304          0       1024        820   startup_stm32f103xe.o
       128         24          0         12          0       6033   stm32f1xx_hal.o
      1182         48          0          0          0       7043   stm32f1xx_hal_adc.o
         2          0          0          0          0       1093   stm32f1xx_hal_adc_ex.o
       198         14          0          0          0      29043   stm32f1xx_hal_cortex.o
       374          8          0          0          0       1887   stm32f1xx_hal_dma.o
       524         42          0          0          0       3599   stm32f1xx_hal_gpio.o
        68         10          0          0          0        906   stm32f1xx_hal_msp.o
      1240         84         18          0          0       5220   stm32f1xx_hal_rcc.o
       236         12          0          0          0       1420   stm32f1xx_hal_rcc_ex.o
      2022        106          0          0          0      15530   stm32f1xx_hal_tim.o
       128         20          0          0          0       2473   stm32f1xx_hal_tim_ex.o
      1554         10          0          0          0      11132   stm32f1xx_hal_uart.o
       116         48          0          0          0       7646   stm32f1xx_it.o
         2          0         24          4          0       1167   system_stm32f1xx.o
      1028        118          0          0        360       6488   tim.o
       720         72          0          0        360       4010   usart.o

    ----------------------------------------------------------------------
     12692       1100        380        112       1972     646110   Object Totals
         0          0         32          0          0          0   (incl. Generated)
        36          0          2          1          2          0   (incl. Padding)

    ----------------------------------------------------------------------

      Code (inc. data)   RO Data    RW Data    ZI Data      Debug   Library Member Name

         0          0          0          0          0          0   entry.o
         0          0          0          0          0          0   entry10a.o
         0          0          0          0          0          0   entry11a.o
         4          0          0          0          0          0   entry12b.o
         8          4          0          0          0          0   entry2.o
         4          0          0          0          0          0   entry5.o
         0          0          0          0          0          0   entry7b.o
         0          0          0          0          0          0   entry8b.o
         8          4          0          0          0          0   entry9a.o
        30          0          0          0          0          0   handlers.o
        36          8          0          0          0         68   init.o
         0          0          0          0          0          0   iusefp.o
        30          0          0          0          0         68   llshl.o
        32          0          0          0          0         68   llushr.o
        36          0          0          0          0        108   memseta.o
        50          8          0          0          0        152   printfb.o
         0          0          0          4          0          0   stdout.o
        56          0          0          0          0         88   d2f.o
       222          0          0          0          0        100   ddiv.o
       186          0          0          0          0        176   depilogue.o
        62          0          0          0          0         80   dfixi.o
        34          0          0          0          0         76   dflti.o
       228          0          0          0          0         96   dmul.o
        38          0          0          0          0         68   f2d.o
       176          0          0          0          0        140   fadd.o
       124          0          0          0          0         88   fdiv.o
       110          0          0          0          0        168   fepilogue.o
        50          0          0          0          0         68   ffixi.o
        18          0          0          0          0         68   fflti.o
       100          0          0          0          0         76   fmul.o
        24          0          0          0          0         68   fscalb.o

    ----------------------------------------------------------------------
      1668         24          0          4          0       1824   Library Totals
         2          0          0          0          0          0   (incl. Padding)

    ----------------------------------------------------------------------

      Code (inc. data)   RO Data    RW Data    ZI Data      Debug   Library Name

       238         24          0          4          0        464   mc_w.l
      1428          0          0          0          0       1360   mf_w.l

    ----------------------------------------------------------------------
      1668         24          0          4          0       1824   Library Totals

    ----------------------------------------------------------------------

==============================================================================


      Code (inc. data)   RO Data    RW Data    ZI Data      Debug   

     14360       1124        380        116       1972     640650   Grand Totals
     14360       1124        380        116       1972     640650   ELF Image Totals
     14360       1124        380        116          0          0   ROM Totals

==============================================================================

    Total RO  Size (Code + RO Data)                14740 (  14.39kB)
    Total RW  Size (RW Data + ZI Data)              2088 (   2.04kB)
    Total ROM Size (Code + RO Data + RW Data)      14856 (  14.51kB)

==============================================================================

